Archive member included to satisfy reference by file (symbol)

C:/QMK_MSYS/mingw64/bin/../lib/gcc/arm-none-eabi/13.3.0/../../../../arm-none-eabi/lib/thumb/v7-m/nofp\libg_nano.a(libc_a-rand.o)
                              .build/obj_0mao_08gamerst_via/quantum/send_string/send_string.o (symbol from plugin) (rand)
C:/QMK_MSYS/mingw64/bin/../lib/gcc/arm-none-eabi/13.3.0/../../../../arm-none-eabi/lib/thumb/v7-m/nofp\libg_nano.a(libc_a-ctype_.o)
                              .build/obj_0mao_08gamerst_via/quantum/send_string/send_string.o (symbol from plugin) (_ctype_)
C:/QMK_MSYS/mingw64/bin/../lib/gcc/arm-none-eabi/13.3.0/../../../../arm-none-eabi/lib/thumb/v7-m/nofp\libg_nano.a(libc_a-impure.o)
                              C:/QMK_MSYS/mingw64/bin/../lib/gcc/arm-none-eabi/13.3.0/../../../../arm-none-eabi/lib/thumb/v7-m/nofp\libg_nano.a(libc_a-rand.o) (_impure_ptr)
C:/QMK_MSYS/mingw64/bin/../lib/gcc/arm-none-eabi/13.3.0/../../../../arm-none-eabi/lib/thumb/v7-m/nofp\libg_nano.a(libc_a-errno.o)
                              .build/obj_0mao_08gamerst_via/platforms/chibios/syscall-fallbacks.o (symbol from plugin) (__errno)
C:/QMK_MSYS/mingw64/bin/../lib/gcc/arm-none-eabi/13.3.0/../../../../arm-none-eabi/lib/thumb/v7-m/nofp\libg_nano.a(libc_a-assert.o)
                              C:/QMK_MSYS/mingw64/bin/../lib/gcc/arm-none-eabi/13.3.0/../../../../arm-none-eabi/lib/thumb/v7-m/nofp\libg_nano.a(libc_a-rand.o) (__assert_func)
C:/QMK_MSYS/mingw64/bin/../lib/gcc/arm-none-eabi/13.3.0/../../../../arm-none-eabi/lib/thumb/v7-m/nofp\libg_nano.a(libc_a-malloc.o)
                              C:/QMK_MSYS/mingw64/bin/../lib/gcc/arm-none-eabi/13.3.0/../../../../arm-none-eabi/lib/thumb/v7-m/nofp\libg_nano.a(libc_a-rand.o) (malloc)
C:/QMK_MSYS/mingw64/bin/../lib/gcc/arm-none-eabi/13.3.0/../../../../arm-none-eabi/lib/thumb/v7-m/nofp\libg_nano.a(libc_a-mallocr.o)
                              C:/QMK_MSYS/mingw64/bin/../lib/gcc/arm-none-eabi/13.3.0/../../../../arm-none-eabi/lib/thumb/v7-m/nofp\libg_nano.a(libc_a-malloc.o) (_malloc_r)
C:/QMK_MSYS/mingw64/bin/../lib/gcc/arm-none-eabi/13.3.0/../../../../arm-none-eabi/lib/thumb/v7-m/nofp\libg_nano.a(libc_a-mlock.o)
                              C:/QMK_MSYS/mingw64/bin/../lib/gcc/arm-none-eabi/13.3.0/../../../../arm-none-eabi/lib/thumb/v7-m/nofp\libg_nano.a(libc_a-mallocr.o) (__malloc_lock)
C:/QMK_MSYS/mingw64/bin/../lib/gcc/arm-none-eabi/13.3.0/../../../../arm-none-eabi/lib/thumb/v7-m/nofp\libg_nano.a(libc_a-fprintf.o)
                              C:/QMK_MSYS/mingw64/bin/../lib/gcc/arm-none-eabi/13.3.0/../../../../arm-none-eabi/lib/thumb/v7-m/nofp\libg_nano.a(libc_a-assert.o) (fiprintf)
C:/QMK_MSYS/mingw64/bin/../lib/gcc/arm-none-eabi/13.3.0/../../../../arm-none-eabi/lib/thumb/v7-m/nofp\libg_nano.a(libc_a-lock.o)
                              C:/QMK_MSYS/mingw64/bin/../lib/gcc/arm-none-eabi/13.3.0/../../../../arm-none-eabi/lib/thumb/v7-m/nofp\libg_nano.a(libc_a-mlock.o) (__retarget_lock_acquire_recursive)
C:/QMK_MSYS/mingw64/bin/../lib/gcc/arm-none-eabi/13.3.0/../../../../arm-none-eabi/lib/thumb/v7-m/nofp\libg_nano.a(libc_a-abort.o)
                              C:/QMK_MSYS/mingw64/bin/../lib/gcc/arm-none-eabi/13.3.0/../../../../arm-none-eabi/lib/thumb/v7-m/nofp\libg_nano.a(libc_a-assert.o) (abort)
C:/QMK_MSYS/mingw64/bin/../lib/gcc/arm-none-eabi/13.3.0/../../../../arm-none-eabi/lib/thumb/v7-m/nofp\libg_nano.a(libc_a-freer.o)
                              C:/QMK_MSYS/mingw64/bin/../lib/gcc/arm-none-eabi/13.3.0/../../../../arm-none-eabi/lib/thumb/v7-m/nofp\libg_nano.a(libc_a-malloc.o) (_free_r)
C:/QMK_MSYS/mingw64/bin/../lib/gcc/arm-none-eabi/13.3.0/../../../../arm-none-eabi/lib/thumb/v7-m/nofp\libg_nano.a(libc_a-nano-vfprintf.o)
                              C:/QMK_MSYS/mingw64/bin/../lib/gcc/arm-none-eabi/13.3.0/../../../../arm-none-eabi/lib/thumb/v7-m/nofp\libg_nano.a(libc_a-fprintf.o) (_vfprintf_r)
C:/QMK_MSYS/mingw64/bin/../lib/gcc/arm-none-eabi/13.3.0/../../../../arm-none-eabi/lib/thumb/v7-m/nofp\libg_nano.a(libc_a-nano-vfprintf_i.o)
                              C:/QMK_MSYS/mingw64/bin/../lib/gcc/arm-none-eabi/13.3.0/../../../../arm-none-eabi/lib/thumb/v7-m/nofp\libg_nano.a(libc_a-nano-vfprintf.o) (_printf_i)
C:/QMK_MSYS/mingw64/bin/../lib/gcc/arm-none-eabi/13.3.0/../../../../arm-none-eabi/lib/thumb/v7-m/nofp\libg_nano.a(libc_a-findfp.o)
                              C:/QMK_MSYS/mingw64/bin/../lib/gcc/arm-none-eabi/13.3.0/../../../../arm-none-eabi/lib/thumb/v7-m/nofp\libg_nano.a(libc_a-nano-vfprintf.o) (__sinit)
C:/QMK_MSYS/mingw64/bin/../lib/gcc/arm-none-eabi/13.3.0/../../../../arm-none-eabi/lib/thumb/v7-m/nofp\libg_nano.a(libc_a-fvwrite.o)
                              C:/QMK_MSYS/mingw64/bin/../lib/gcc/arm-none-eabi/13.3.0/../../../../arm-none-eabi/lib/thumb/v7-m/nofp\libg_nano.a(libc_a-nano-vfprintf.o) (__sfvwrite_r)
C:/QMK_MSYS/mingw64/bin/../lib/gcc/arm-none-eabi/13.3.0/../../../../arm-none-eabi/lib/thumb/v7-m/nofp\libg_nano.a(libc_a-fwalk.o)
[...]
Memory Configuration

Name             Origin             Length             Attributes
flash0           0x08002000         0x0000e000
flash1           0x00000000         0x00000000
flash2           0x00000000         0x00000000
flash3           0x00000000         0x00000000
flash4           0x00000000         0x00000000
flash5           0x00000000         0x00000000
flash6           0x00000000         0x00000000
flash7           0x00000000         0x00000000
ram0             0x20000000         0x00005000
ram1             0x00000000         0x00000000
ram2             0x00000000         0x00000000
ram3             0x00000000         0x00000000
ram4             0x00000000         0x00000000
ram5             0x00000000         0x00000000
ram6             0x00000000         0x00000000
ram7             0x00000000         0x00000000
*default*        0x00000000         0xffffffff

Linker script and memory map

LOAD .build/obj_0mao_08gamerst_via/encoder.o
LOAD C:\QMK_MSYS\tmp\cc0QsM0r.ltrans0.ltrans.o
LOAD C:\QMK_MSYS\tmp\cc0QsM0r.ltrans1.ltrans.o
LOAD C:\QMK_MSYS\tmp\ccUfH2NH.debug.temp.o
LOAD C:\QMK_MSYS\tmp\ccgHdQaF.debug.temp.o
LOAD C:\QMK_MSYS\tmp\ccU5Z4BC.debug.temp.o
LOAD C:\QMK_MSYS\tmp\ccCupIPz.debug.temp.o
LOAD C:\QMK_MSYS\tmp\ccGWCN7w.debug.temp.o
LOAD C:\QMK_MSYS\tmp\ccSm9xNu.debug.temp.o
LOAD C:\QMK_MSYS\tmp\ccimcwzs.debug.temp.o
LOAD C:\QMK_MSYS\tmp\ccukM96p.debug.temp.o
LOAD C:\QMK_MSYS\tmp\ccewCaIn.debug.temp.o
LOAD C:\QMK_MSYS\tmp\ccCkAmvk.debug.temp.o
LOAD C:\QMK_MSYS\tmp\ccSYK4mh.debug.temp.o
LOAD C:\QMK_MSYS\tmp\ccIRnQ0d.debug.temp.o
LOAD C:\QMK_MSYS\tmp\cc88J5Ia.debug.temp.o
LOAD C:\QMK_MSYS\tmp\ccInAsO7.debug.temp.o
LOAD C:\QMK_MSYS\tmp\ccw7QuZ4.debug.temp.o
LOAD C:\QMK_MSYS\tmp\ccOa6uY1.debug.temp.o
LOAD C:\QMK_MSYS\tmp\cc8up7P2.debug.temp.o
LOAD C:\QMK_MSYS\tmp\ccAljvK3.debug.temp.o
LOAD C:\QMK_MSYS\tmp\ccmOpiK4.debug.temp.o
LOAD C:\QMK_MSYS\tmp\ccELHTu5.debug.temp.o
LOAD C:\QMK_MSYS\tmp\ccW2tfi6.debug.temp.o
LOAD C:\QMK_MSYS\tmp\ccuEUEu7.debug.temp.o
LOAD C:\QMK_MSYS\tmp\ccsD0ow8.debug.temp.o
LOAD C:\QMK_MSYS\tmp\ccGkNVA9.debug.temp.o
LOAD C:\QMK_MSYS\tmp\ccK0rdS9.debug.temp.o
LOAD C:\QMK_MSYS\tmp\ccG2P9da.debug.temp.o
LOAD C:\QMK_MSYS\tmp\ccQjewma.debug.temp.o
LOAD C:\QMK_MSYS\tmp\ccEp8Qxa.debug.temp.o
LOAD C:\QMK_MSYS\tmp\ccaEr6Na.debug.temp.o
LOAD C:\QMK_MSYS\tmp\ccm0Xzqb.debug.temp.o
LOAD C:\QMK_MSYS\tmp\ccuQMWQb.debug.temp.o
LOAD C:\QMK_MSYS\tmp\ccUFU1lc.debug.temp.o
LOAD C:\QMK_MSYS\tmp\ccQzSETc.debug.temp.o
LOAD C:\QMK_MSYS\tmp\ccoLvfFc.debug.temp.o
LOAD C:\QMK_MSYS\tmp\ccu8jTcc.debug.temp.o
LOAD C:\QMK_MSYS\tmp\cccV5JOb.debug.temp.o
LOAD C:\QMK_MSYS\tmp\ccAPk5Qb.debug.temp.o
LOAD C:\QMK_MSYS\tmp\ccEnfHHb.debug.temp.o
LOAD C:\QMK_MSYS\tmp\ccS2AuBb.debug.temp.o
LOAD C:\QMK_MSYS\tmp\ccuoyhLa.debug.temp.o
LOAD C:\QMK_MSYS\tmp\ccgX54Y9.debug.temp.o
LOAD C:\QMK_MSYS\tmp\ccwtk518.debug.temp.o
LOAD C:\QMK_MSYS\tmp\ccgr3vw8.debug.temp.o
LOAD C:\QMK_MSYS\tmp\ccq0McS7.debug.temp.o
LOAD C:\QMK_MSYS\tmp\cc2FGqVa.debug.temp.o
LOAD C:\QMK_MSYS\tmp\ccSoAJ4d.debug.temp.o
LOAD C:\QMK_MSYS\tmp\ccAljUCh.debug.temp.o
LOAD C:\QMK_MSYS\tmp\ccwvfu1k.debug.temp.o
LOAD C:\QMK_MSYS\tmp\ccuc62En.debug.temp.o
LOAD C:\QMK_MSYS\tmp\ccsrMhnq.debug.temp.o
LOAD C:\QMK_MSYS\tmp\cc2pCaRs.debug.temp.o
LOAD C:\QMK_MSYS\tmp\ccmA8Xpv.debug.temp.o
LOAD C:\QMK_MSYS\tmp\ccyOegmy.debug.temp.o
LOAD C:\QMK_MSYS\tmp\cc08zA7A.debug.temp.o
LOAD C:\QMK_MSYS\tmp\ccAFhcXD.debug.temp.o
LOAD C:\QMK_MSYS\tmp\ccEzJXYF.debug.temp.o
LOAD C:\QMK_MSYS\tmp\ccagrS5H.debug.temp.o
LOAD C:\QMK_MSYS\tmp\ccwbtQZJ.debug.temp.o
LOAD C:\QMK_MSYS\tmp\ccYpPsZL.debug.temp.o
LOAD C:\QMK_MSYS\tmp\ccM3yBnO.debug.temp.o
LOAD C:\QMK_MSYS\tmp\ccAZnOUP.debug.temp.o
LOAD C:\QMK_MSYS\tmp\ccwVuRhR.debug.temp.o
LOAD C:\QMK_MSYS\tmp\ccc1wR4S.debug.temp.o
LOAD C:\QMK_MSYS\tmp\cc2dWcDY.debug.temp.o
LOAD C:\QMK_MSYS\tmp\ccoj9Hg4.debug.temp.o
LOAD C:\QMK_MSYS\tmp\cciMPUH9.debug.temp.o
LOAD C:\QMK_MSYS\tmp\ccGeAXAf.debug.temp.o
LOAD C:\QMK_MSYS\tmp\ccqueJnl.debug.temp.o
LOAD C:\QMK_MSYS\tmp\cc2Zmbpq.debug.temp.o
LOAD C:\QMK_MSYS\tmp\ccmO7Rfv.debug.temp.o
LOAD C:\QMK_MSYS\tmp\ccMdGJvA.debug.temp.o
LOAD C:\QMK_MSYS\tmp\ccSy1YZE.debug.temp.o
LOAD C:\QMK_MSYS\tmp\ccG0GOhJ.debug.temp.o
LOAD C:\QMK_MSYS\tmp\ccovnR0N.debug.temp.o
LOAD C:\QMK_MSYS\tmp\ccULJDxS.debug.temp.o
LOAD C:\QMK_MSYS\tmp\ccWgbl8W.debug.temp.o
LOAD C:\QMK_MSYS\tmp\ccEr1dV0.debug.temp.o
LOAD C:\QMK_MSYS\tmp\ccwTxFM4.debug.temp.o
LOAD C:\QMK_MSYS\tmp\ccwDxas8.debug.temp.o
LOAD C:\QMK_MSYS\tmp\ccsDwGac.debug.temp.o
LOAD C:\QMK_MSYS\tmp\ccUJo1Vf.debug.temp.o
LOAD C:\QMK_MSYS\tmp\ccsLi14j.debug.temp.o
LOAD C:\QMK_MSYS\tmp\ccsvmCio.debug.temp.o
LOAD C:\QMK_MSYS\tmp\ccAdpwhs.debug.temp.o
LOAD C:\QMK_MSYS\tmp\cceOXwgA.debug.temp.o
LOAD C:\QMK_MSYS\tmp\cc6DwX1H.debug.temp.o
LOAD C:\QMK_MSYS\tmp\cckJbuTP.debug.temp.o
LOAD C:\QMK_MSYS\tmp\cckLEL8X.debug.temp.o
LOAD C:\QMK_MSYS\tmp\cc29BCq6.debug.temp.o
LOAD C:\QMK_MSYS\tmp\ccya0Pue.debug.temp.o
LOAD C:\QMK_MSYS\tmp\ccQplYDm.debug.temp.o
LOAD C:\QMK_MSYS\tmp\ccaGOGXt.debug.temp.o
LOAD C:\QMK_MSYS\tmp\ccIR5nmB.debug.temp.o
LOAD C:\QMK_MSYS\tmp\ccqeSLxI.debug.temp.o
LOAD C:\QMK_MSYS\tmp\ccGmuWMP.debug.temp.o
LOAD C:\QMK_MSYS\tmp\ccUd2KpX.debug.temp.o
LOAD C:\QMK_MSYS\tmp\ccG4u134.debug.temp.o
LOAD C:\QMK_MSYS\tmp\ccy42yMc.debug.temp.o
LOAD C:\QMK_MSYS\tmp\cciWOQik.debug.temp.o
LOAD C:\QMK_MSYS\tmp\ccEtA81q.debug.temp.o
LOAD C:\QMK_MSYS\tmp\ccCKLkBx.debug.temp.o
LOAD C:\QMK_MSYS\tmp\ccmiXIfE.debug.temp.o
LOAD C:\QMK_MSYS\tmp\ccIzkOWK.debug.temp.o
LOAD C:\QMK_MSYS\tmp\ccAtpa2R.debug.temp.o
LOAD C:\QMK_MSYS\tmp\ccyYXkUY.debug.temp.o
LOAD C:\QMK_MSYS\tmp\cciWy5O5.debug.temp.o
LOAD C:\QMK_MSYS\tmp\cc2XvEOc.debug.temp.o
LOAD C:\QMK_MSYS\tmp\ccaKUu0i.debug.temp.o
LOAD C:\QMK_MSYS\tmp\ccqKITgp.debug.temp.o
LOAD C:\QMK_MSYS\tmp\ccykjziv.debug.temp.o
LOAD C:\QMK_MSYS\tmp\ccqUhvnB.debug.temp.o
LOAD C:\QMK_MSYS\tmp\cc047YNH.debug.temp.o
LOAD C:\QMK_MSYS\tmp\ccyAhLhO.debug.temp.o
LOAD C:\QMK_MSYS\tmp\ccwjTxQU.debug.temp.o
LOAD C:\QMK_MSYS\tmp\ccaKg9d1.debug.temp.o
LOAD C:\QMK_MSYS\tmp\ccOQRWtb.debug.temp.o
LOAD C:\QMK_MSYS\tmp\ccWakWNl.debug.temp.o
LOAD C:\QMK_MSYS\tmp\ccO2HyUv.debug.temp.o
LOAD C:\QMK_MSYS\tmp\ccSg605F.debug.temp.o
LOAD C:\QMK_MSYS\tmp\ccOM9CCQ.debug.temp.o
LOAD C:\QMK_MSYS\tmp\ccoVGPe1.debug.temp.o
LOAD C:\QMK_MSYS\tmp\ccCwqcEb.debug.temp.o
LOAD C:\QMK_MSYS\tmp\ccMTFI6l.debug.temp.o
LOAD C:\QMK_MSYS\tmp\ccCsQyLv.debug.temp.o
LOAD C:\QMK_MSYS\tmp\ccSsy4sF.debug.temp.o
LOAD C:\QMK_MSYS\tmp\ccYPOMfP.debug.temp.o
LOAD C:\QMK_MSYS\tmp\ccCKxjNY.debug.temp.o
LOAD C:\QMK_MSYS\tmp\cc6LqQn8.debug.temp.o
LOAD C:\QMK_MSYS\tmp\ccQtfcmi.debug.temp.o
LOAD C:\QMK_MSYS\tmp\ccaAN1os.debug.temp.o
LOAD C:\QMK_MSYS\tmp\ccGOeZhC.debug.temp.o
LOAD C:\QMK_MSYS\tmp\ccquEEmL.debug.temp.o
LOAD C:\QMK_MSYS\tmp\ccRBRblN.debug.temp.o
LOAD C:\QMK_MSYS\tmp\ccsOsDmP.debug.temp.o
LOAD C:\QMK_MSYS\tmp\ccduKY8Q.debug.temp.o
LOAD C:\QMK_MSYS\tmp\ccCeWu0S.debug.temp.o
LOAD C:\QMK_MSYS\tmp\ccP8bTcV.debug.temp.o
LOAD C:\QMK_MSYS\tmp\cc01tOtX.debug.temp.o
LOAD C:\QMK_MSYS\tmp\ccrJzixZ.debug.temp.o
LOAD C:\QMK_MSYS\tmp\cc0SpgH1.debug.temp.o
LOAD C:\QMK_MSYS\tmp\ccdr2t12.debug.temp.o
LOAD C:\QMK_MSYS\tmp\ccWZEXr4.debug.temp.o
LOAD C:\QMK_MSYS\tmp\ccleKIC5.debug.temp.o
LOAD C:\QMK_MSYS\tmp\ccCyqcU6.debug.temp.o
LOAD C:\QMK_MSYS\tmp\ccvItfw8.debug.temp.o
LOAD C:\QMK_MSYS\tmp\ccCp0eea.debug.temp.o
LOAD C:\QMK_MSYS\tmp\cc17QaKb.debug.temp.o
LOAD C:\QMK_MSYS\tmp\ccQTOAuc.debug.temp.o
LOAD C:\QMK_MSYS\tmp\ccjCu5id.debug.temp.o
LOAD C:\QMK_MSYS\tmp\ccoGZbUd.debug.temp.o
LOAD C:\QMK_MSYS\tmp\cczXF7ze.debug.temp.o
LOAD C:\QMK_MSYS\tmp\ccQHFOif.debug.temp.o
LOAD C:\QMK_MSYS\tmp\ccf6JGqg.debug.temp.o
LOAD C:\QMK_MSYS\tmp\ccoOogjh.debug.temp.o
LOAD C:\QMK_MSYS\tmp\ccvHn1hi.debug.temp.o
LOAD C:\QMK_MSYS\tmp\cc4WScti.debug.temp.o
LOAD C:\QMK_MSYS\tmp\ccHc3PHi.debug.temp.o
LOAD C:\QMK_MSYS\tmp\ccYiMIZi.debug.temp.o
LOAD .build/obj_0mao_08gamerst_via/.build/obj_0mao_08gamerst_via/src/default_keyboard.o
LOAD .build/obj_0mao_08gamerst_via/quantum/keymap_introspection.o
LOAD .build/obj_0mao_08gamerst_via/quantum/quantum.o
LOAD .build/obj_0mao_08gamerst_via/quantum/bitwise.o
LOAD .build/obj_0mao_08gamerst_via/quantum/led.o
LOAD .build/obj_0mao_08gamerst_via/quantum/action.o
LOAD .build/obj_0mao_08gamerst_via/quantum/action_layer.o
LOAD .build/obj_0mao_08gamerst_via/quantum/action_tapping.o
LOAD .build/obj_0mao_08gamerst_via/quantum/action_util.o
LOAD .build/obj_0mao_08gamerst_via/quantum/eeconfig.o
LOAD .build/obj_0mao_08gamerst_via/quantum/keyboard.o
LOAD .build/obj_0mao_08gamerst_via/quantum/keymap_common.o
LOAD .build/obj_0mao_08gamerst_via/quantum/keycode_config.o
LOAD .build/obj_0mao_08gamerst_via/quantum/sync_timer.o
LOAD .build/obj_0mao_08gamerst_via/quantum/logging/debug.o
LOAD .build/obj_0mao_08gamerst_via/quantum/logging/sendchar.o
LOAD .build/obj_0mao_08gamerst_via/quantum/logging/print.o
LOAD .build/obj_0mao_08gamerst_via/quantum/bootmagic/bootmagic_lite.o
LOAD .build/obj_0mao_08gamerst_via/quantum/bootmagic/magic.o
LOAD .build/obj_0mao_08gamerst_via/quantum/matrix_common.o
LOAD .build/obj_0mao_08gamerst_via/quantum/matrix.o
LOAD .build/obj_0mao_08gamerst_via/quantum/debounce/sym_defer_g.o
LOAD .build/obj_0mao_08gamerst_via/quantum/main.o
LOAD .build/obj_0mao_08gamerst_via/printf.o
LOAD .build/obj_0mao_08gamerst_via/eeprom_driver.o
LOAD .build/obj_0mao_08gamerst_via/eeprom_wear_leveling.o
LOAD .build/obj_0mao_08gamerst_via/wear_leveling.o
LOAD .build/obj_0mao_08gamerst_via/wear_leveling_efl.o
LOAD .build/obj_0mao_08gamerst_via/quantum/color.o
LOAD .build/obj_0mao_08gamerst_via/quantum/rgb_matrix/rgb_matrix.o
LOAD .build/obj_0mao_08gamerst_via/quantum/rgb_matrix/rgb_matrix_drivers.o
LOAD .build/obj_0mao_08gamerst_via/quantum/process_keycode/process_rgb.o
LOAD .build/obj_0mao_08gamerst_via/quantum/led_tables.o
LOAD .build/obj_0mao_08gamerst_via/qmk_fnv_type_validation.o
LOAD .build/obj_0mao_08gamerst_via/hash_32a.o
LOAD .build/obj_0mao_08gamerst_via/hash_64a.o
LOAD .build/obj_0mao_08gamerst_via/lib/lib8tion/lib8tion.o
LOAD .build/obj_0mao_08gamerst_via/quantum/encoder.o
LOAD .build/obj_0mao_08gamerst_via/ws2812_bitbang.o
LOAD .build/obj_0mao_08gamerst_via/quantum/command.o
LOAD .build/obj_0mao_08gamerst_via/quantum/dynamic_keymap.o
LOAD .build/obj_0mao_08gamerst_via/quantum/process_keycode/process_grave_esc.o
LOAD .build/obj_0mao_08gamerst_via/quantum/process_keycode/process_magic.o
LOAD .build/obj_0mao_08gamerst_via/quantum/mousekey.o
LOAD .build/obj_0mao_08gamerst_via/quantum/send_string/send_string.o
LOAD .build/obj_0mao_08gamerst_via/quantum/process_keycode/process_space_cadet.o
LOAD .build/obj_0mao_08gamerst_via/quantum/process_keycode/process_tri_layer.o
LOAD .build/obj_0mao_08gamerst_via/quantum/tri_layer.o
LOAD .build/obj_0mao_08gamerst_via/quantum/via.o
LOAD .build/obj_0mao_08gamerst_via/protocol/host.o
LOAD .build/obj_0mao_08gamerst_via/protocol/report.o
LOAD .build/obj_0mao_08gamerst_via/protocol/usb_device_state.o
LOAD .build/obj_0mao_08gamerst_via/protocol/usb_util.o
LOAD .build/obj_0mao_08gamerst_via/platforms/suspend.o
LOAD .build/obj_0mao_08gamerst_via/platforms/synchronization_util.o
LOAD .build/obj_0mao_08gamerst_via/platforms/timer.o
LOAD .build/obj_0mao_08gamerst_via/platforms/chibios/hardware_id.o
LOAD .build/obj_0mao_08gamerst_via/platforms/chibios/platform.o
LOAD .build/obj_0mao_08gamerst_via/platforms/chibios/suspend.o
LOAD .build/obj_0mao_08gamerst_via/platforms/chibios/timer.o
LOAD .build/obj_0mao_08gamerst_via/platforms/chibios/bootloaders/stm32duino.o
LOAD .build/obj_0mao_08gamerst_via/./lib/chibios/os/common/startup/ARMCMx/compilers/GCC/crt0_v7m.o
LOAD .build/obj_0mao_08gamerst_via/./lib/chibios/os/common/startup/ARMCMx/compilers/GCC/vectors.o
LOAD .build/obj_0mao_08gamerst_via/./lib/chibios/os/common/ports/ARMv7-M/compilers/GCC/chcoreasm.o
LOAD .build/obj_0mao_08gamerst_via/protocol/chibios/usb_main.o
LOAD .build/obj_0mao_08gamerst_via/protocol/chibios/chibios.o
LOAD .build/obj_0mao_08gamerst_via/usb_descriptor.o
LOAD .build/obj_0mao_08gamerst_via/protocol/chibios/usb_driver.o
LOAD .build/obj_0mao_08gamerst_via/protocol/chibios/usb_util.o
LOAD .build/obj_0mao_08gamerst_via/./lib/chibios/os/oslib/src/chmboxes.o
LOAD .build/obj_0mao_08gamerst_via/./lib/chibios/os/oslib/src/chmemcore.o
LOAD .build/obj_0mao_08gamerst_via/./lib/chibios/os/oslib/src/chmemheaps.o
LOAD .build/obj_0mao_08gamerst_via/./lib/chibios/os/oslib/src/chmempools.o
LOAD .build/obj_0mao_08gamerst_via/./lib/chibios/os/oslib/src/chpipes.o
LOAD .build/obj_0mao_08gamerst_via/./lib/chibios/os/oslib/src/chobjcaches.o
LOAD .build/obj_0mao_08gamerst_via/./lib/chibios/os/oslib/src/chdelegates.o
LOAD .build/obj_0mao_08gamerst_via/./lib/chibios/os/oslib/src/chfactory.o
LOAD .build/obj_0mao_08gamerst_via/lib/chibios/os/common/startup/ARMCMx/compilers/GCC/crt1.o
LOAD .build/obj_0mao_08gamerst_via/lib/chibios/os/rt/src/chsys.o
LOAD .build/obj_0mao_08gamerst_via/lib/chibios/os/rt/src/chrfcu.o
LOAD .build/obj_0mao_08gamerst_via/lib/chibios/os/rt/src/chdebug.o
LOAD .build/obj_0mao_08gamerst_via/lib/chibios/os/rt/src/chtrace.o
LOAD .build/obj_0mao_08gamerst_via/lib/chibios/os/rt/src/chvt.o
LOAD .build/obj_0mao_08gamerst_via/lib/chibios/os/rt/src/chschd.o
LOAD .build/obj_0mao_08gamerst_via/lib/chibios/os/rt/src/chinstances.o
LOAD .build/obj_0mao_08gamerst_via/lib/chibios/os/rt/src/chthreads.o
LOAD .build/obj_0mao_08gamerst_via/lib/chibios/os/rt/src/chtm.o
LOAD .build/obj_0mao_08gamerst_via/lib/chibios/os/rt/src/chstats.o
LOAD .build/obj_0mao_08gamerst_via/lib/chibios/os/rt/src/chregistry.o
LOAD .build/obj_0mao_08gamerst_via/lib/chibios/os/rt/src/chsem.o
LOAD .build/obj_0mao_08gamerst_via/lib/chibios/os/rt/src/chmtx.o
LOAD .build/obj_0mao_08gamerst_via/lib/chibios/os/rt/src/chcond.o
LOAD .build/obj_0mao_08gamerst_via/lib/chibios/os/rt/src/chevents.o
LOAD .build/obj_0mao_08gamerst_via/lib/chibios/os/rt/src/chmsg.o
LOAD .build/obj_0mao_08gamerst_via/lib/chibios/os/rt/src/chdynamic.o
LOAD .build/obj_0mao_08gamerst_via/lib/chibios/os/common/ports/ARMv7-M/chcore.o
LOAD .build/obj_0mao_08gamerst_via/lib/chibios/os/hal/osal/rt-nil/osal.o
LOAD .build/obj_0mao_08gamerst_via/lib/chibios/os/hal/src/hal.o
LOAD .build/obj_0mao_08gamerst_via/lib/chibios/os/hal/src/hal_st.o
LOAD .build/obj_0mao_08gamerst_via/lib/chibios/os/hal/src/hal_buffers.o
LOAD .build/obj_0mao_08gamerst_via/lib/chibios/os/hal/src/hal_queues.o
LOAD .build/obj_0mao_08gamerst_via/lib/chibios/os/hal/src/hal_flash.o
LOAD .build/obj_0mao_08gamerst_via/lib/chibios/os/hal/src/hal_mmcsd.o
LOAD .build/obj_0mao_08gamerst_via/lib/chibios/os/hal/src/hal_adc.o
LOAD .build/obj_0mao_08gamerst_via/lib/chibios/os/hal/src/hal_can.o
LOAD .build/obj_0mao_08gamerst_via/lib/chibios/os/hal/src/hal_crypto.o
LOAD .build/obj_0mao_08gamerst_via/lib/chibios/os/hal/src/hal_dac.o
LOAD .build/obj_0mao_08gamerst_via/lib/chibios/os/hal/src/hal_efl.o
LOAD .build/obj_0mao_08gamerst_via/lib/chibios/os/hal/src/hal_gpt.o
LOAD .build/obj_0mao_08gamerst_via/lib/chibios/os/hal/src/hal_i2c.o
LOAD .build/obj_0mao_08gamerst_via/lib/chibios/os/hal/src/hal_i2s.o
LOAD .build/obj_0mao_08gamerst_via/lib/chibios/os/hal/src/hal_icu.o
LOAD .build/obj_0mao_08gamerst_via/lib/chibios/os/hal/src/hal_mac.o
LOAD .build/obj_0mao_08gamerst_via/lib/chibios/os/hal/src/hal_mmc_spi.o
LOAD .build/obj_0mao_08gamerst_via/lib/chibios/os/hal/src/hal_pal.o
LOAD .build/obj_0mao_08gamerst_via/lib/chibios/os/hal/src/hal_pwm.o
LOAD .build/obj_0mao_08gamerst_via/lib/chibios/os/hal/src/hal_rtc.o
LOAD .build/obj_0mao_08gamerst_via/lib/chibios/os/hal/src/hal_sdc.o
LOAD .build/obj_0mao_08gamerst_via/lib/chibios/os/hal/src/hal_serial.o
LOAD .build/obj_0mao_08gamerst_via/lib/chibios/os/hal/src/hal_serial_usb.o
LOAD .build/obj_0mao_08gamerst_via/lib/chibios/os/hal/src/hal_sio.o
LOAD .build/obj_0mao_08gamerst_via/lib/chibios/os/hal/src/hal_spi.o
LOAD .build/obj_0mao_08gamerst_via/lib/chibios/os/hal/src/hal_trng.o
LOAD .build/obj_0mao_08gamerst_via/lib/chibios/os/hal/src/hal_uart.o
LOAD .build/obj_0mao_08gamerst_via/lib/chibios/os/hal/src/hal_usb.o
LOAD .build/obj_0mao_08gamerst_via/lib/chibios/os/hal/src/hal_wdg.o
LOAD .build/obj_0mao_08gamerst_via/lib/chibios/os/hal/src/hal_wspi.o
LOAD .build/obj_0mao_08gamerst_via/lib/chibios/os/hal/ports/common/ARMCMx/nvic.o
LOAD .build/obj_0mao_08gamerst_via/lib/chibios/os/hal/ports/STM32/STM32F1xx/stm32_isr.o
LOAD .build/obj_0mao_08gamerst_via/lib/chibios/os/hal/ports/STM32/STM32F1xx/hal_lld.o
LOAD .build/obj_0mao_08gamerst_via/lib/chibios/os/hal/ports/STM32/STM32F1xx/hal_efl_lld.o
LOAD .build/obj_0mao_08gamerst_via/lib/chibios/os/hal/ports/STM32/STM32F1xx/hal_adc_lld.o
LOAD .build/obj_0mao_08gamerst_via/lib/chibios/os/hal/ports/STM32/LLD/CANv1/hal_can_lld.o
LOAD .build/obj_0mao_08gamerst_via/lib/chibios/os/hal/ports/STM32/LLD/DACv1/hal_dac_lld.o
LOAD .build/obj_0mao_08gamerst_via/lib/chibios/os/hal/ports/STM32/LLD/DMAv1/stm32_dma.o
LOAD .build/obj_0mao_08gamerst_via/lib/chibios/os/hal/ports/STM32/LLD/GPIOv1/hal_pal_lld.o
LOAD .build/obj_0mao_08gamerst_via/lib/chibios/os/hal/ports/STM32/LLD/I2Cv1/hal_i2c_lld.o
LOAD .build/obj_0mao_08gamerst_via/lib/chibios/os/hal/ports/STM32/LLD/RTCv1/hal_rtc_lld.o
LOAD .build/obj_0mao_08gamerst_via/lib/chibios/os/hal/ports/STM32/LLD/SDIOv1/hal_sdc_lld.o
LOAD .build/obj_0mao_08gamerst_via/lib/chibios/os/hal/ports/STM32/LLD/SPIv1/hal_i2s_lld.o
LOAD .build/obj_0mao_08gamerst_via/lib/chibios/os/hal/ports/STM32/LLD/SPIv1/hal_spi_v2_lld.o
LOAD .build/obj_0mao_08gamerst_via/lib/chibios/os/hal/ports/STM32/LLD/SYSTICKv1/hal_st_lld.o
LOAD .build/obj_0mao_08gamerst_via/lib/chibios/os/hal/ports/STM32/LLD/TIMv1/hal_gpt_lld.o
LOAD .build/obj_0mao_08gamerst_via/lib/chibios/os/hal/ports/STM32/LLD/TIMv1/hal_icu_lld.o
LOAD .build/obj_0mao_08gamerst_via/lib/chibios/os/hal/ports/STM32/LLD/TIMv1/hal_pwm_lld.o
LOAD .build/obj_0mao_08gamerst_via/lib/chibios/os/hal/ports/STM32/LLD/USARTv1/hal_serial_lld.o
LOAD .build/obj_0mao_08gamerst_via/lib/chibios/os/hal/ports/STM32/LLD/USARTv1/hal_uart_lld.o
LOAD .build/obj_0mao_08gamerst_via/lib/chibios/os/hal/ports/STM32/LLD/USBv1/hal_usb_lld.o
LOAD .build/obj_0mao_08gamerst_via/lib/chibios/os/hal/ports/STM32/LLD/xWDGv1/hal_wdg_lld.o
LOAD .build/obj_0mao_08gamerst_via/platforms/chibios/boards/STM32_F103_STM32DUINO/board/board.o
LOAD .build/obj_0mao_08gamerst_via/lib/chibios/os/hal/lib/streams/chprintf.o
LOAD .build/obj_0mao_08gamerst_via/lib/chibios/os/hal/lib/streams/chscanf.o
LOAD .build/obj_0mao_08gamerst_via/lib/chibios/os/hal/lib/streams/memstreams.o
LOAD .build/obj_0mao_08gamerst_via/lib/chibios/os/hal/lib/streams/nullstreams.o
LOAD .build/obj_0mao_08gamerst_via/lib/chibios/os/hal/lib/streams/bufstreams.o
LOAD .build/obj_0mao_08gamerst_via/lib/chibios/os/various/syscalls.o
LOAD .build/obj_0mao_08gamerst_via/platforms/chibios/syscall-fallbacks.o
LOAD .build/obj_0mao_08gamerst_via/platforms/chibios/wait.o
LOAD .build/obj_0mao_08gamerst_via/platforms/chibios/synchronization_util.o
LOAD .build/obj_0mao_08gamerst_via/platforms/chibios/interrupt_handlers.o
                0x00000800                        __process_stack_size__ = 0x800
                0x00000400                        __main_stack_size__ = 0x400
LOAD C:/QMK_MSYS/mingw64/bin/../lib/gcc/arm-none-eabi/13.3.0/../../../../arm-none-eabi/lib/thumb/v7-m/nofp\libm.a
START GROUP
LOAD C:/QMK_MSYS/mingw64/bin/../lib/gcc/arm-none-eabi/13.3.0/thumb/v7-m/nofp\libgcc.a
LOAD C:/QMK_MSYS/mingw64/bin/../lib/gcc/arm-none-eabi/13.3.0/../../../../arm-none-eabi/lib/thumb/v7-m/nofp\libg_nano.a
LOAD C:/QMK_MSYS/mingw64/bin/../lib/gcc/arm-none-eabi/13.3.0/../../../../arm-none-eabi/lib/thumb/v7-m/nofp\libc_nano.a
END GROUP
START GROUP
LOAD C:/QMK_MSYS/mingw64/bin/../lib/gcc/arm-none-eabi/13.3.0/thumb/v7-m/nofp\libgcc.a
LOAD C:/QMK_MSYS/mingw64/bin/../lib/gcc/arm-none-eabi/13.3.0/../../../../arm-none-eabi/lib/thumb/v7-m/nofp\libc_nano.a
END GROUP
                0x00010000                        f103_flash_size = 0x10000
                0x00005000                        f103_ram_size = 0x5000

.mstack         0x20000000      0x400
                0x20000000                        . = ALIGN (0x8)
                0x20000000                        __main_stack_base__ = .
                0x20000400                        . = (. + __main_stack_size__)
 *fill*         0x20000000      0x400 
                0x20000400                        . = ALIGN (0x8)
                0x20000400                        __main_stack_end__ = .

.pstack         0x20000400      0x800
                0x20000400                        . = ALIGN (0x8)
                0x20000400                        __process_stack_base__ = .
                0x20000400                        __main_thread_stack_base__ = .
                0x20000c00                        . = (. + __process_stack_size__)
 *fill*         0x20000400      0x800 
                0x20000c00                        . = ALIGN (0x8)
                0x20000c00                        __process_stack_end__ = .
                0x20000c00                        __main_thread_stack_end__ = .

.vectors        0x08002000      0x160
                0x08002000                        __textvectors_base__ = LOADADDR (.vectors)
                0x08002000                        __vectors_base__ = .
 *(.vectors)
 .vectors       0x08002000      0x160 .build/obj_0mao_08gamerst_via/./lib/chibios/os/common/startup/ARMCMx/compilers/GCC/vectors.o
                0x08002000                _vectors
                0x08002160                        __vectors_end__ = .

.xtors          0x08002160        0x0
                0x08002160                        __init_array_base__ = .
 *(SORT_BY_NAME(.init_array.*))
 *(.init_array)
                0x08002160                        __init_array_end__ = .
                0x08002160                        __fini_array_base__ = .
 *(.fini_array)
 *(SORT_BY_NAME(.fini_array.*))
                0x08002160                        __fini_array_end__ = .

.text           0x08002160     0x8608
                0x08002160                        __text_base__ = .
 *(.text)
 .text          0x08002160       0xd8 .build/obj_0mao_08gamerst_via/./lib/chibios/os/common/startup/ARMCMx/compilers/GCC/crt0_v7m.o
                0x08002160                _crt0_entry
 .text          0x08002238        0x8 .build/obj_0mao_08gamerst_via/./lib/chibios/os/common/startup/ARMCMx/compilers/GCC/vectors.o
                0x08002238                Reset_Handler
                0x0800223a                VectorE8
                0x0800223a                Vector9C
                0x0800223a                VectorAC
                0x0800223a                DebugMon_Handler
                0x0800223a                Vector5C
                0x0800223a                Vector11C
                0x0800223a                HardFault_Handler
                0x0800223a                Vector8C
                0x0800223a                VectorDC
                0x0800223a                PendSV_Handler
                0x0800223a                NMI_Handler
                0x0800223a                Vector110
                0x0800223a                Vector120
                0x0800223a                VectorC8
                0x0800223a                Vector94
                0x0800223a                VectorA8
                0x0800223a                VectorB4
                0x0800223a                Vector74
                0x0800223a                UsageFault_Handler
                0x0800223a                VectorEC
                0x0800223a                Vector40
                0x0800223a                VectorF8
                0x0800223a                Vector108
                0x0800223a                VectorBC
                0x0800223a                Vector150
                0x0800223a                Vector124
                0x0800223a                Vector148
                0x0800223a                Vector118
                0x0800223a                Vector64
                0x0800223a                Vector58
                0x0800223a                VectorCC
                0x0800223a                Vector54
                0x0800223a                Vector98
                0x0800223a                VectorD8
                0x0800223a                Vector138
                0x0800223a                Vector24
                0x0800223a                Vector84
                0x0800223a                SecureFault_Handler
                0x0800223a                VectorD0
                0x0800223a                Vector140
                0x0800223a                VectorE4
                0x0800223a                VectorC0
                0x0800223a                Vector158
                0x0800223a                Vector130
                0x0800223a                Vector134
                0x0800223a                VectorF0
                0x0800223a                Vector12C
                0x0800223a                Vector13C
                0x0800223a                Vector100
                0x0800223a                VectorE0
                0x0800223a                VectorF4
                0x0800223a                MemManage_Handler
                0x0800223a                Vector6C
                0x0800223a                VectorA0
                0x0800223a                VectorC4
                0x0800223a                Vector7C
                0x0800223a                VectorB0
                0x0800223a                Vector114
                0x0800223a                Vector60
                0x0800223a                Vector48
                0x0800223a                Vector70
                0x0800223a                VectorD4
                0x0800223a                Vector4C
                0x0800223a                Vector144
                0x0800223a                Vector80
                0x0800223a                Vector15C
                0x0800223a                Vector68
                0x0800223a                Vector78
                0x0800223a                VectorA4
                0x0800223a                Vector88
                0x0800223a                Vector104
                0x0800223a                Vector10C
                0x0800223a                Vector14C
                0x0800223a                BusFault_Handler
                0x0800223a                Vector50
                0x0800223a                Vector154
                0x0800223a                Vector44
                0x0800223a                Vector28
                0x0800223a                VectorB8
                0x0800223a                VectorFC
                0x0800223a                Vector34
                0x0800223a                Vector128
                0x0800223a                Vector20
                0x0800223e                _unhandled_exception
 .text          0x08002240       0x2a .build/obj_0mao_08gamerst_via/./lib/chibios/os/common/ports/ARMv7-M/compilers/GCC/chcoreasm.o
                0x08002240                __port_switch
                0x08002250                __port_thread_start
                0x08002262                __port_switch_from_isr
                0x08002266                __port_exit_from_isr
 *fill*         0x0800226a        0x2 
 .text          0x0800226c       0xa0 C:/QMK_MSYS/mingw64/bin/../lib/gcc/arm-none-eabi/13.3.0/../../../../arm-none-eabi/lib/thumb/v7-m/nofp\libg_nano.a(libc_a-memset.o)
                0x0800226c                memset
 .text          0x0800230c       0xec C:/QMK_MSYS/mingw64/bin/../lib/gcc/arm-none-eabi/13.3.0/../../../../arm-none-eabi/lib/thumb/v7-m/nofp\libg_nano.a(libc_a-memcpy.o)
                0x0800230c                memcpy
 .text          0x080023f8       0x5c C:/QMK_MSYS/mingw64/bin/../lib/gcc/arm-none-eabi/13.3.0/../../../../arm-none-eabi/lib/thumb/v7-m/nofp\libg_nano.a(libc_a-memcmp.o)
                0x080023f8                memcmp
 .text          0x08002454       0x30 C:/QMK_MSYS/mingw64/bin/../lib/gcc/arm-none-eabi/13.3.0/thumb/v7-m/nofp\libgcc.a(_aeabi_uldivmod.o)
                0x08002454                __aeabi_uldivmod
 .text          0x08002484        0x4 C:/QMK_MSYS/mingw64/bin/../lib/gcc/arm-none-eabi/13.3.0/thumb/v7-m/nofp\libgcc.a(_dvmd_tls.o)
                0x08002484                __aeabi_idiv0
                0x08002484                __aeabi_ldiv0
 *(.text.*)
 .text.biton    0x08002488       0x20 C:\QMK_MSYS\tmp\cc0QsM0r.ltrans0.ltrans.o
 .text.bitrev   0x080024a8       0x2c C:\QMK_MSYS\tmp\cc0QsM0r.ltrans0.ltrans.o
 .text.layer_on
                0x080024d4       0x14 C:\QMK_MSYS\tmp\cc0QsM0r.ltrans0.ltrans.o
 .text.layer_off
                0x080024e8       0x14 C:\QMK_MSYS\tmp\cc0QsM0r.ltrans0.ltrans.o
 .text.update_source_layers_cache
                0x080024fc       0x58 C:\QMK_MSYS\tmp\cc0QsM0r.ltrans0.ltrans.o
 .text.read_source_layers_cache
                0x08002554       0x50 C:\QMK_MSYS\tmp\cc0QsM0r.ltrans0.ltrans.o
 .text.update_tri_layer
                0x080025a4       0x2c C:\QMK_MSYS\tmp\cc0QsM0r.ltrans0.ltrans.o
 .text.debug_waiting_buffer
                0x080025d0       0x20 C:\QMK_MSYS\tmp\cc0QsM0r.ltrans0.ltrans.o
 .text.clear_oneshot_layer_state
                0x080025f0       0x30 C:\QMK_MSYS\tmp\cc0QsM0r.ltrans0.ltrans.o
 .text.get_mods_for_report
                0x08002620       0x70 C:\QMK_MSYS\tmp\cc0QsM0r.ltrans0.ltrans.o
 .text.del_mods
                0x08002690       0x10 C:\QMK_MSYS\tmp\cc0QsM0r.ltrans0.ltrans.o
 .text.keycode_config
                0x080026a0      0x108 C:\QMK_MSYS\tmp\cc0QsM0r.ltrans0.ltrans.o
 .text.mod_config
                0x080027a8       0xc4 C:\QMK_MSYS\tmp\cc0QsM0r.ltrans0.ltrans.o
 .text.action_for_keycode
                0x0800286c      0x1bc C:\QMK_MSYS\tmp\cc0QsM0r.ltrans0.ltrans.o
 .text.null_sendchar_func
                0x08002a28        0x4 C:\QMK_MSYS\tmp\cc0QsM0r.ltrans0.ltrans.o
 .text.sendchar
                0x08002a2c       0x3c C:\QMK_MSYS\tmp\cc0QsM0r.ltrans0.ltrans.o
 .text.__idle_thread
                0x08002a68        0x4 C:\QMK_MSYS\tmp\cc0QsM0r.ltrans0.ltrans.o
 .text.putchar_via_gadget
                0x08002a6c       0x26 C:\QMK_MSYS\tmp\cc0QsM0r.ltrans0.ltrans.o
 *fill*         0x08002a92        0x2 
 .text.putchar_wrapper
                0x08002a94        0xc C:\QMK_MSYS\tmp\cc0QsM0r.ltrans0.ltrans.o
 .text.out_rev_
                0x08002aa0       0x60 C:\QMK_MSYS\tmp\cc0QsM0r.ltrans0.ltrans.o
 .text.print_integer
                0x08002b00      0x194 C:\QMK_MSYS\tmp\cc0QsM0r.ltrans0.ltrans.o
 .text.wear_leveling_unlock
                0x08002c94       0x54 C:\QMK_MSYS\tmp\cc0QsM0r.ltrans0.ltrans.o
 .text.wear_leveling_lock
                0x08002ce8       0x38 C:\QMK_MSYS\tmp\cc0QsM0r.ltrans0.ltrans.o
 .text.backing_store_write
                0x08002d20       0x34 C:\QMK_MSYS\tmp\cc0QsM0r.ltrans0.ltrans.o
 .text.backing_store_read
                0x08002d54       0x48 C:\QMK_MSYS\tmp\cc0QsM0r.ltrans0.ltrans.o
 .text.hsv_to_rgb
                0x08002d9c       0xa8 C:\QMK_MSYS\tmp\cc0QsM0r.ltrans0.ltrans.o
 .text.sqrt16   0x08002e44       0x4e C:\QMK_MSYS\tmp\cc0QsM0r.ltrans0.ltrans.o
 *fill*         0x08002e92        0x2 
 .text.random8  0x08002e94       0x24 C:\QMK_MSYS\tmp\cc0QsM0r.ltrans0.ltrans.o
 .text.sin8_C   0x08002eb8       0x40 C:\QMK_MSYS\tmp\cc0QsM0r.ltrans0.ltrans.o
 .text.atan2_8  0x08002ef8       0x48 C:\QMK_MSYS\tmp\cc0QsM0r.ltrans0.ltrans.o
 .text.BAND_SAT_math
                0x08002f40       0x58 C:\QMK_MSYS\tmp\cc0QsM0r.ltrans0.ltrans.o
 .text.BAND_VAL_math
                0x08002f98       0x58 C:\QMK_MSYS\tmp\cc0QsM0r.ltrans0.ltrans.o
 .text.BAND_PINWHEEL_SAT_math
                0x08002ff0       0x46 C:\QMK_MSYS\tmp\cc0QsM0r.ltrans0.ltrans.o
 .text.BAND_PINWHEEL_VAL_math
                0x08003036       0x46 C:\QMK_MSYS\tmp\cc0QsM0r.ltrans0.ltrans.o
 .text.BAND_SPIRAL_SAT_math
                0x0800307c       0x44 C:\QMK_MSYS\tmp\cc0QsM0r.ltrans0.ltrans.o
 .text.BAND_SPIRAL_VAL_math
                0x080030c0       0x44 C:\QMK_MSYS\tmp\cc0QsM0r.ltrans0.ltrans.o
 .text.CYCLE_ALL_math
                0x08003104       0x26 C:\QMK_MSYS\tmp\cc0QsM0r.ltrans0.ltrans.o
 *fill*         0x0800312a        0x2 
 .text.CYCLE_LEFT_RIGHT_math
                0x0800312c       0x38 C:\QMK_MSYS\tmp\cc0QsM0r.ltrans0.ltrans.o
 .text.CYCLE_UP_DOWN_math
                0x08003164       0x38 C:\QMK_MSYS\tmp\cc0QsM0r.ltrans0.ltrans.o
 .text.RAINBOW_MOVING_CHEVRON_math
                0x0800319c       0x58 C:\QMK_MSYS\tmp\cc0QsM0r.ltrans0.ltrans.o
 .text.CYCLE_OUT_IN_math
                0x080031f4       0x32 C:\QMK_MSYS\tmp\cc0QsM0r.ltrans0.ltrans.o
 .text.CYCLE_OUT_IN_DUAL_math
                0x08003226       0x4c C:\QMK_MSYS\tmp\cc0QsM0r.ltrans0.ltrans.o
 .text.CYCLE_PINWHEEL_math
                0x08003272       0x30 C:\QMK_MSYS\tmp\cc0QsM0r.ltrans0.ltrans.o
 .text.CYCLE_SPIRAL_math
                0x080032a2       0x36 C:\QMK_MSYS\tmp\cc0QsM0r.ltrans0.ltrans.o
 .text.DUAL_BEACON_math
                0x080032d8       0x50 C:\QMK_MSYS\tmp\cc0QsM0r.ltrans0.ltrans.o
 .text.RAINBOW_BEACON_math
                0x08003328       0x50 C:\QMK_MSYS\tmp\cc0QsM0r.ltrans0.ltrans.o
 .text.RAINBOW_PINWHEELS_math
                0x08003378       0x60 C:\QMK_MSYS\tmp\cc0QsM0r.ltrans0.ltrans.o
 .text.HUE_PENDULUM_math
                0x080033d8       0x60 C:\QMK_MSYS\tmp\cc0QsM0r.ltrans0.ltrans.o
 .text.HUE_WAVE_math
                0x08003438       0x4c C:\QMK_MSYS\tmp\cc0QsM0r.ltrans0.ltrans.o
 .text.SOLID_REACTIVE_SIMPLE_math
                0x08003484       0x32 C:\QMK_MSYS\tmp\cc0QsM0r.ltrans0.ltrans.o
 .text.SOLID_REACTIVE_math
                0x080034b6       0x34 C:\QMK_MSYS\tmp\cc0QsM0r.ltrans0.ltrans.o
 .text.SOLID_REACTIVE_WIDE_math
                0x080034ea       0x48 C:\QMK_MSYS\tmp\cc0QsM0r.ltrans0.ltrans.o
 .text.SOLID_REACTIVE_CROSS_math
                0x08003532       0x74 C:\QMK_MSYS\tmp\cc0QsM0r.ltrans0.ltrans.o
 *fill*         0x080035a6        0x2 
 .text.SOLID_REACTIVE_NEXUS_math
                0x080035a8       0x78 C:\QMK_MSYS\tmp\cc0QsM0r.ltrans0.ltrans.o
 .text.SPLASH_math
                0x08003620       0x4c C:\QMK_MSYS\tmp\cc0QsM0r.ltrans0.ltrans.o
 .text.SOLID_SPLASH_math
                0x0800366c       0x44 C:\QMK_MSYS\tmp\cc0QsM0r.ltrans0.ltrans.o
 .text.rgb_matrix_set_color
                0x080036b0        0x4 C:\QMK_MSYS\tmp\cc0QsM0r.ltrans0.ltrans.o
 .text.rgb_matrix_set_color_all
                0x080036b4        0x4 C:\QMK_MSYS\tmp\cc0QsM0r.ltrans0.ltrans.o
 .text.rgb_task_flush
                0x080036b8       0x30 C:\QMK_MSYS\tmp\cc0QsM0r.ltrans0.ltrans.o
 .text.rgb_matrix_get_limits
                0x080036e8       0x22 C:\QMK_MSYS\tmp\cc0QsM0r.ltrans0.ltrans.o
 *fill*         0x0800370a        0x2 
 .text.init     0x0800370c        0xc C:\QMK_MSYS\tmp\cc0QsM0r.ltrans0.ltrans.o
 .text.setled   0x08003718       0x3c C:\QMK_MSYS\tmp\cc0QsM0r.ltrans0.ltrans.o
 .text.setled_all
                0x08003754       0x1c C:\QMK_MSYS\tmp\cc0QsM0r.ltrans0.ltrans.o
 .text.handleKeycodeRGB
                0x08003770        0x6 C:\QMK_MSYS\tmp\cc0QsM0r.ltrans0.ltrans.o
 *fill*         0x08003776        0x2 
 .text.sendByte
                0x08003778       0x7c C:\QMK_MSYS\tmp\cc0QsM0r.ltrans0.ltrans.o
 .text.times_inv_sqrt2
                0x080037f4       0x2a C:\QMK_MSYS\tmp\cc0QsM0r.ltrans0.ltrans.o
 *fill*         0x0800381e        0x2 
 .text.move_unit
                0x08003820       0x6c C:\QMK_MSYS\tmp\cc0QsM0r.ltrans0.ltrans.o
 .text.wheel_unit
                0x0800388c       0x64 C:\QMK_MSYS\tmp\cc0QsM0r.ltrans0.ltrans.o
 .text.mousekey_on
                0x080038f0       0xc0 C:\QMK_MSYS\tmp\cc0QsM0r.ltrans0.ltrans.o
 .text.mousekey_off
                0x080039b0      0x118 C:\QMK_MSYS\tmp\cc0QsM0r.ltrans0.ltrans.o
 .text.host_keyboard_leds
                0x08003ac8       0x10 C:\QMK_MSYS\tmp\cc0QsM0r.ltrans0.ltrans.o
 .text.host_system_send
                0x08003ad8       0x38 C:\QMK_MSYS\tmp\cc0QsM0r.ltrans0.ltrans.o
 .text.host_consumer_send
                0x08003b10       0x38 C:\QMK_MSYS\tmp\cc0QsM0r.ltrans0.ltrans.o
 .text.timer_read32
                0x08003b48       0x70 C:\QMK_MSYS\tmp\cc0QsM0r.ltrans0.ltrans.o
 .text.__NVIC_SystemReset
                0x08003bb8       0x24 C:\QMK_MSYS\tmp\cc0QsM0r.ltrans0.ltrans.o
 .text.usb_get_descriptor_cb
                0x08003bdc       0x9c C:\QMK_MSYS\tmp\cc0QsM0r.ltrans0.ltrans.o
 .text.dummy_usb_cb
                0x08003c78        0x2 C:\QMK_MSYS\tmp\cc0QsM0r.ltrans0.ltrans.o
 *fill*         0x08003c7a        0x2 
 .text.set_led_transfer_cb
                0x08003c7c       0x34 C:\QMK_MSYS\tmp\cc0QsM0r.ltrans0.ltrans.o
 .text.keyboard_leds
                0x08003cb0        0xc C:\QMK_MSYS\tmp\cc0QsM0r.ltrans0.ltrans.o
 .text.qmkusbInterruptTransmitted
                0x08003cbc        0x2 C:\QMK_MSYS\tmp\cc0QsM0r.ltrans0.ltrans.o
 *fill*         0x08003cbe        0x2 
 .text.chVTDoResetI
                0x08003cc0       0x24 C:\QMK_MSYS\tmp\cc0QsM0r.ltrans0.ltrans.o
 .text.ch_sch_prio_insert
                0x08003ce4       0x1e C:\QMK_MSYS\tmp\cc0QsM0r.ltrans0.ltrans.o
 *fill*         0x08003d02        0x2 
 .text.__port_irq_epilogue
                0x08003d04       0x4c C:\QMK_MSYS\tmp\cc0QsM0r.ltrans0.ltrans.o
 .text.ibqReleaseEmptyBufferS
                0x08003d50       0x24 C:\QMK_MSYS\tmp\cc0QsM0r.ltrans0.ltrans.o
 .text.obqGetFullBufferI
                0x08003d74       0x1c C:\QMK_MSYS\tmp\cc0QsM0r.ltrans0.ltrans.o
 .text.obqPostFullBufferS
                0x08003d90       0x26 C:\QMK_MSYS\tmp\cc0QsM0r.ltrans0.ltrans.o
 .text.flashGetSectorOffset
                0x08003db6       0x1a C:\QMK_MSYS\tmp\cc0QsM0r.ltrans0.ltrans.o
 .text.set_address
                0x08003dd0       0x28 C:\QMK_MSYS\tmp\cc0QsM0r.ltrans0.ltrans.o
 .text.usbStartReceiveI
                0x08003df8       0x54 C:\QMK_MSYS\tmp\cc0QsM0r.ltrans0.ltrans.o
 .text.efl_lld_get_descriptor
                0x08003e4c        0x8 C:\QMK_MSYS\tmp\cc0QsM0r.ltrans0.ltrans.o
 .text.efl_lld_program
                0x08003e54       0x90 C:\QMK_MSYS\tmp\cc0QsM0r.ltrans0.ltrans.o
 .text.efl_lld_start_erase_all
                0x08003ee4        0x4 C:\QMK_MSYS\tmp\cc0QsM0r.ltrans0.ltrans.o
 .text.efl_lld_start_erase_sector
                0x08003ee8       0x38 C:\QMK_MSYS\tmp\cc0QsM0r.ltrans0.ltrans.o
 .text.efl_lld_query_erase
                0x08003f20       0x28 C:\QMK_MSYS\tmp\cc0QsM0r.ltrans0.ltrans.o
 .text.efl_lld_verify_erase
                0x08003f48       0x34 C:\QMK_MSYS\tmp\cc0QsM0r.ltrans0.ltrans.o
 .text._pal_lld_setgroupmode
                0x08003f7c       0x60 C:\QMK_MSYS\tmp\cc0QsM0r.ltrans0.ltrans.o
 .text.setPinInputHigh_atomic
                0x08003fdc       0x22 C:\QMK_MSYS\tmp\cc0QsM0r.ltrans0.ltrans.o
 *fill*         0x08003ffe        0x2 
 .text.flush    0x08004000       0x70 C:\QMK_MSYS\tmp\cc0QsM0r.ltrans0.ltrans.o
 .text.usb_packet_write_from_buffer
                0x08004070       0x44 C:\QMK_MSYS\tmp\cc0QsM0r.ltrans0.ltrans.o
 .text.usbStartTransmitI
                0x080040b4       0x58 C:\QMK_MSYS\tmp\cc0QsM0r.ltrans0.ltrans.o
 .text.obnotify
                0x0800410c       0x40 C:\QMK_MSYS\tmp\cc0QsM0r.ltrans0.ltrans.o
 .text._usb_ep0in
                0x0800414c       0xd0 C:\QMK_MSYS\tmp\cc0QsM0r.ltrans0.ltrans.o
 .text._usb_ep0out
                0x0800421c       0x98 C:\QMK_MSYS\tmp\cc0QsM0r.ltrans0.ltrans.o
 .text.usb_lld_init_endpoint
                0x080042b4       0xb0 C:\QMK_MSYS\tmp\cc0QsM0r.ltrans0.ltrans.o
 .text.usb_lld_reset.constprop.0
                0x08004364       0x3c C:\QMK_MSYS\tmp\cc0QsM0r.ltrans0.ltrans.o
 .text.effect_runner_dx_dy.constprop.0
                0x080043a0       0xc4 C:\QMK_MSYS\tmp\cc0QsM0r.ltrans0.ltrans.o
 .text.effect_runner_dx_dy_dist.constprop.0
                0x08004464       0xe8 C:\QMK_MSYS\tmp\cc0QsM0r.ltrans0.ltrans.o
 .text.effect_runner_sin_cos_i.constprop.0
                0x0800454c       0xd4 C:\QMK_MSYS\tmp\cc0QsM0r.ltrans0.ltrans.o
 .text.raindrops_set_color.constprop.0
                0x08004620       0x78 C:\QMK_MSYS\tmp\cc0QsM0r.ltrans0.ltrans.o
 .text.jellybean_raindrops_set_color.constprop.0
                0x08004698       0x60 C:\QMK_MSYS\tmp\cc0QsM0r.ltrans0.ltrans.o
 .text.effect_runner_i.constprop.0
                0x080046f8       0xac C:\QMK_MSYS\tmp\cc0QsM0r.ltrans0.ltrans.o
 .text.effect_runner_reactive.constprop.0
                0x080047a4       0xf8 C:\QMK_MSYS\tmp\cc0QsM0r.ltrans0.ltrans.o
 .text.effect_runner_reactive_splash.constprop.0
                0x0800489c      0x138 C:\QMK_MSYS\tmp\cc0QsM0r.ltrans0.ltrans.o
 .text.vsnprintf_impl.constprop.0
                0x080049d4      0x3a0 C:\QMK_MSYS\tmp\cc0QsM0r.ltrans0.ltrans.o
 .text.usbStart.constprop.0.isra.0
                0x08004d74       0x8c C:\QMK_MSYS\tmp\cc0QsM0r.ltrans0.ltrans.o
 .text.qmkusb_start_receive.isra.0
                0x08004e00       0x3c C:\QMK_MSYS\tmp\cc0QsM0r.ltrans0.ltrans.o
 .text.ibnotify
                0x08004e3c        0x6 C:\QMK_MSYS\tmp\cc0QsM0r.ltrans0.ltrans.o
 *fill*         0x08004e42        0x2 
 .text.usb_event_queue_enqueue.isra.0
                0x08004e44       0x28 C:\QMK_MSYS\tmp\cc0QsM0r.ltrans0.ltrans.o
 .text.efl_lld_read
                0x08004e6c       0x2a C:\QMK_MSYS\tmp\cc0QsM0r.ltrans0.ltrans.o
 *fill*         0x08004e96        0x2 
 .text.wear_leveling_read.isra.0
                0x08004e98       0x1c C:\QMK_MSYS\tmp\cc0QsM0r.ltrans0.ltrans.o
 .text.eeconfig_read_keymap
                0x08004eb4       0x1e C:\QMK_MSYS\tmp\cc0QsM0r.ltrans0.ltrans.o
 .text.eeprom_read_byte
                0x08004ed2       0x1c C:\QMK_MSYS\tmp\cc0QsM0r.ltrans0.ltrans.o
 .text.dynamic_keymap_get_keycode
                0x08004eee       0x3a C:\QMK_MSYS\tmp\cc0QsM0r.ltrans0.ltrans.o
 .text.via_eeprom_is_valid
                0x08004f28       0x2a C:\QMK_MSYS\tmp\cc0QsM0r.ltrans0.ltrans.o
 .text.eeconfig_is_enabled
                0x08004f52       0x30 C:\QMK_MSYS\tmp\cc0QsM0r.ltrans0.ltrans.o
 .text.via_get_layout_options
                0x08004f82        0xa C:\QMK_MSYS\tmp\cc0QsM0r.ltrans0.ltrans.o
 .text.matrix_scan.isra.0
                0x08004f8c      0x144 C:\QMK_MSYS\tmp\cc0QsM0r.ltrans0.ltrans.o
 .text.wear_leveling_clear_cache
                0x080050d0       0x20 C:\QMK_MSYS\tmp\cc0QsM0r.ltrans0.ltrans.o
 .text.rgb_task_render
                0x080050f0      0x610 C:\QMK_MSYS\tmp\cc0QsM0r.ltrans0.ltrans.o
 .text.clear_keys_from_report
                0x08005700       0x34 C:\QMK_MSYS\tmp\cc0QsM0r.ltrans0.ltrans.o
 .text.usb_sof_cb
                0x08005734       0xe0 C:\QMK_MSYS\tmp\cc0QsM0r.ltrans0.ltrans.o
 .text.usbInitEndpointI
                0x08005814       0x32 C:\QMK_MSYS\tmp\cc0QsM0r.ltrans0.ltrans.o
 *fill*         0x08005846        0x2 
 .text.ch_dlist_insert.constprop.0
                0x08005848       0x30 C:\QMK_MSYS\tmp\cc0QsM0r.ltrans0.ltrans.o
 .text.chVTSetI.constprop.0
                0x08005878       0x30 C:\QMK_MSYS\tmp\cc0QsM0r.ltrans0.ltrans.o
 .text.usb_requests_hook_cb
                0x080058a8      0x1a8 C:\QMK_MSYS\tmp\cc0QsM0r.ltrans0.ltrans.o
 .text.keyboard_idle_timer_cb
                0x08005a50       0x78 C:\QMK_MSYS\tmp\cc0QsM0r.ltrans0.ltrans.o
 .text.__sch_ready_behind.isra.0
                0x08005ac8       0x1c C:\QMK_MSYS\tmp\cc0QsM0r.ltrans0.ltrans.o
 .text.chEvtBroadcastFlagsI
                0x08005ae4       0x48 C:\QMK_MSYS\tmp\cc0QsM0r.ltrans0.ltrans.o
 .text.__sch_wakeup
                0x08005b2c       0x44 C:\QMK_MSYS\tmp\cc0QsM0r.ltrans0.ltrans.o
 .text.chThdResumeI
                0x08005b70       0x12 C:\QMK_MSYS\tmp\cc0QsM0r.ltrans0.ltrans.o
 *fill*         0x08005b82        0x2 
 .text._usb_ep0setup
                0x08005b84      0x3a8 C:\QMK_MSYS\tmp\cc0QsM0r.ltrans0.ltrans.o
 .text.chThdDequeueNextI.constprop.0
                0x08005f2c       0x18 C:\QMK_MSYS\tmp\cc0QsM0r.ltrans0.ltrans.o
 .text.qmkusbDataTransmitted
                0x08005f44       0x8e C:\QMK_MSYS\tmp\cc0QsM0r.ltrans0.ltrans.o
 .text.qmkusbDataReceived
                0x08005fd2       0x58 C:\QMK_MSYS\tmp\cc0QsM0r.ltrans0.ltrans.o
 .text.chThdDequeueAllI.constprop.0
                0x0800602a       0x1e C:\QMK_MSYS\tmp\cc0QsM0r.ltrans0.ltrans.o
 .text.usb_event_cb
                0x08006048      0x1a4 C:\QMK_MSYS\tmp\cc0QsM0r.ltrans0.ltrans.o
 .text.chSchGoSleepS
                0x080061ec       0x1c C:\QMK_MSYS\tmp\cc0QsM0r.ltrans0.ltrans.o
 .text.chSchGoSleepTimeoutS
                0x08006208       0x44 C:\QMK_MSYS\tmp\cc0QsM0r.ltrans0.ltrans.o
 .text.send_report
                0x0800624c       0x60 C:\QMK_MSYS\tmp\cc0QsM0r.ltrans0.ltrans.o
 .text.send_keyboard
                0x080062ac       0x20 C:\QMK_MSYS\tmp\cc0QsM0r.ltrans0.ltrans.o
 .text.send_nkro
                0x080062cc        0xa C:\QMK_MSYS\tmp\cc0QsM0r.ltrans0.ltrans.o
 *fill*         0x080062d6        0x2 
 .text.send_mouse
                0x080062d8       0x20 C:\QMK_MSYS\tmp\cc0QsM0r.ltrans0.ltrans.o
 .text.send_extra
                0x080062f8        0xa C:\QMK_MSYS\tmp\cc0QsM0r.ltrans0.ltrans.o
 *fill*         0x08006302        0x2 
 .text.obqGetEmptyBufferTimeoutS
                0x08006304       0x4c C:\QMK_MSYS\tmp\cc0QsM0r.ltrans0.ltrans.o
 .text.obqPutTimeout
                0x08006350       0x40 C:\QMK_MSYS\tmp\cc0QsM0r.ltrans0.ltrans.o
 .text._put     0x08006390        0xa C:\QMK_MSYS\tmp\cc0QsM0r.ltrans0.ltrans.o
 .text._putt    0x0800639a        0x6 C:\QMK_MSYS\tmp\cc0QsM0r.ltrans0.ltrans.o
 .text.obqWriteTimeout
                0x080063a0       0x86 C:\QMK_MSYS\tmp\cc0QsM0r.ltrans0.ltrans.o
 .text._write   0x08006426        0xa C:\QMK_MSYS\tmp\cc0QsM0r.ltrans0.ltrans.o
 .text._writet  0x08006430        0x6 C:\QMK_MSYS\tmp\cc0QsM0r.ltrans0.ltrans.o
 *fill*         0x08006436        0x2 
 .text.ibqGetFullBufferTimeoutS
                0x08006438       0x4c C:\QMK_MSYS\tmp\cc0QsM0r.ltrans0.ltrans.o
 .text.ibqGetTimeout
                0x08006484       0x3a C:\QMK_MSYS\tmp\cc0QsM0r.ltrans0.ltrans.o
 .text._get     0x080064be        0xa C:\QMK_MSYS\tmp\cc0QsM0r.ltrans0.ltrans.o
 .text._gett    0x080064c8        0x6 C:\QMK_MSYS\tmp\cc0QsM0r.ltrans0.ltrans.o
 .text.ibqReadTimeout
                0x080064ce       0x82 C:\QMK_MSYS\tmp\cc0QsM0r.ltrans0.ltrans.o
 .text._read    0x08006550        0xa C:\QMK_MSYS\tmp\cc0QsM0r.ltrans0.ltrans.o
 .text._readt   0x0800655a        0x6 C:\QMK_MSYS\tmp\cc0QsM0r.ltrans0.ltrans.o
 .text.efl_acquire_exclusive
                0x08006560       0x70 C:\QMK_MSYS\tmp\cc0QsM0r.ltrans0.ltrans.o
 .text.led_init_ports
                0x080065d0        0x2 C:\QMK_MSYS\tmp\cc0QsM0r.ltrans0.ltrans.o
                0x080065d0                __cpu_init
 .text.keymap_key_to_keycode
                0x080065d2       0x26 C:\QMK_MSYS\tmp\cc0QsM0r.ltrans0.ltrans.o
                0x080065d2                keymap_key_to_keycode
 .text.layer_switch_get_layer
                0x080065f8       0x4c C:\QMK_MSYS\tmp\cc0QsM0r.ltrans0.ltrans.o
                0x080065f8                layer_switch_get_layer
 .text.get_record_keycode
                0x08006644       0x34 C:\QMK_MSYS\tmp\cc0QsM0r.ltrans0.ltrans.o
 .text.layer_switch_get_action
                0x08006678       0x24 C:\QMK_MSYS\tmp\cc0QsM0r.ltrans0.ltrans.o
 .text.is_tap_record
                0x0800669c       0x50 C:\QMK_MSYS\tmp\cc0QsM0r.ltrans0.ltrans.o
 .text.vprintf  0x080066ec       0x28 C:\QMK_MSYS\tmp\cc0QsM0r.ltrans0.ltrans.o
                0x080066ec                vprintf
 .text.printf   0x08006714       0x1a C:\QMK_MSYS\tmp\cc0QsM0r.ltrans0.ltrans.o
 *fill*         0x0800672e        0x2 
 .text.send_keyboard_report
                0x08006730      0x11c C:\QMK_MSYS\tmp\cc0QsM0r.ltrans0.ltrans.o
 .text.register_mods
                0x0800684c       0x14 C:\QMK_MSYS\tmp\cc0QsM0r.ltrans0.ltrans.o
 .text.unregister_mods
                0x08006860       0x12 C:\QMK_MSYS\tmp\cc0QsM0r.ltrans0.ltrans.o
 *fill*         0x08006872        0x2 
 .text.rgb_matrix_toggle_eeprom_helper
                0x08006874       0x58 C:\QMK_MSYS\tmp\cc0QsM0r.ltrans0.ltrans.o
 .text.rgb_matrix_mode_eeprom_helper
                0x080068cc       0x68 C:\QMK_MSYS\tmp\cc0QsM0r.ltrans0.ltrans.o
 .text.rgb_matrix_step
                0x08006934       0x18 C:\QMK_MSYS\tmp\cc0QsM0r.ltrans0.ltrans.o
 .text.rgb_matrix_step_reverse
                0x0800694c       0x1c C:\QMK_MSYS\tmp\cc0QsM0r.ltrans0.ltrans.o
 .text.rgb_matrix_sethsv_eeprom_helper
                0x08006968       0x60 C:\QMK_MSYS\tmp\cc0QsM0r.ltrans0.ltrans.o
 .text.rgb_matrix_increase_hue
                0x080069c8       0x14 C:\QMK_MSYS\tmp\cc0QsM0r.ltrans0.ltrans.o
 .text.rgb_matrix_decrease_hue
                0x080069dc       0x18 C:\QMK_MSYS\tmp\cc0QsM0r.ltrans0.ltrans.o
 .text.rgb_matrix_increase_sat
                0x080069f4       0x1c C:\QMK_MSYS\tmp\cc0QsM0r.ltrans0.ltrans.o
 .text.rgb_matrix_decrease_sat
                0x08006a10       0x1c C:\QMK_MSYS\tmp\cc0QsM0r.ltrans0.ltrans.o
 .text.rgb_matrix_increase_val
                0x08006a2c       0x1c C:\QMK_MSYS\tmp\cc0QsM0r.ltrans0.ltrans.o
 .text.rgb_matrix_decrease_val
                0x08006a48       0x1c C:\QMK_MSYS\tmp\cc0QsM0r.ltrans0.ltrans.o
 .text.rgb_matrix_set_speed_eeprom_helper
                0x08006a64       0x44 C:\QMK_MSYS\tmp\cc0QsM0r.ltrans0.ltrans.o
 .text.rgb_matrix_increase_speed
                0x08006aa8       0x18 C:\QMK_MSYS\tmp\cc0QsM0r.ltrans0.ltrans.o
 .text.rgb_matrix_decrease_speed
                0x08006ac0       0x18 C:\QMK_MSYS\tmp\cc0QsM0r.ltrans0.ltrans.o
 .text.mousekey_param_print
                0x08006ad8       0x48 C:\QMK_MSYS\tmp\cc0QsM0r.ltrans0.ltrans.o
 .text.mousekey_send
                0x08006b20       0xf8 C:\QMK_MSYS\tmp\cc0QsM0r.ltrans0.ltrans.o
 .text.clear_keyboard
                0x08006c18       0x58 C:\QMK_MSYS\tmp\cc0QsM0r.ltrans0.ltrans.o
 .text.switch_default_layer
                0x08006c70       0x24 C:\QMK_MSYS\tmp\cc0QsM0r.ltrans0.ltrans.o
 .text.add_key_to_report
                0x08006c94       0x8c C:\QMK_MSYS\tmp\cc0QsM0r.ltrans0.ltrans.o
 .text.del_key_from_report
                0x08006d20       0x78 C:\QMK_MSYS\tmp\cc0QsM0r.ltrans0.ltrans.o
 .text.unregister_code
                0x08006d98       0x72 C:\QMK_MSYS\tmp\cc0QsM0r.ltrans0.ltrans.o
                0x08006d98                unregister_code
 *fill*         0x08006e0a        0x2 
 .text.mousekey_console.isra.0
                0x08006e0c      0x1f8 C:\QMK_MSYS\tmp\cc0QsM0r.ltrans0.ltrans.o
 .text.__early_init
                0x08007004       0x74 C:\QMK_MSYS\tmp\cc0QsM0r.ltrans0.ltrans.o
                0x08007004                __early_init
 .text.__late_init
                0x08007078        0x2 C:\QMK_MSYS\tmp\cc0QsM0r.ltrans0.ltrans.o
                0x08007078                __late_init
 .text.__default_exit
                0x0800707a        0x2 C:\QMK_MSYS\tmp\cc0QsM0r.ltrans0.ltrans.o
                0x0800707a                __default_exit
 .text.__init_ram_areas
                0x0800707c       0x4c C:\QMK_MSYS\tmp\cc0QsM0r.ltrans0.ltrans.o
                0x0800707c                __init_ram_areas
 .text.__sch_reschedule_ahead
                0x080070c8       0x38 C:\QMK_MSYS\tmp\cc0QsM0r.ltrans0.ltrans.o
                0x080070c8                chSchDoPreemption
 .text.chSchRescheduleS
                0x08007100       0x18 C:\QMK_MSYS\tmp\cc0QsM0r.ltrans0.ltrans.o
 .text.efl_release_exclusive
                0x08007118       0x60 C:\QMK_MSYS\tmp\cc0QsM0r.ltrans0.ltrans.o
 .text.usbStop.constprop.0
                0x08007178       0x98 C:\QMK_MSYS\tmp\cc0QsM0r.ltrans0.ltrans.o
 .text.chThdExit
                0x08007210       0x18 C:\QMK_MSYS\tmp\cc0QsM0r.ltrans0.ltrans.o
                0x08007210                chThdExit
 .text.chThdSleep
                0x08007228       0x18 C:\QMK_MSYS\tmp\cc0QsM0r.ltrans0.ltrans.o
                0x08007228                chThdSleep
 .text.backing_store_erase
                0x08007240       0x84 C:\QMK_MSYS\tmp\cc0QsM0r.ltrans0.ltrans.o
 .text.wear_leveling_consolidate_force
                0x080072c4       0xe4 C:\QMK_MSYS\tmp\cc0QsM0r.ltrans0.ltrans.o
 .text.wear_leveling_consolidate_if_needed
                0x080073a8       0x18 C:\QMK_MSYS\tmp\cc0QsM0r.ltrans0.ltrans.o
 .text.wear_leveling_append_raw
                0x080073c0       0x28 C:\QMK_MSYS\tmp\cc0QsM0r.ltrans0.ltrans.o
 .text.wear_leveling_write.isra.0
                0x080073e8      0x130 C:\QMK_MSYS\tmp\cc0QsM0r.ltrans0.ltrans.o
 .text.eeprom_update_word
                0x08007518       0x32 C:\QMK_MSYS\tmp\cc0QsM0r.ltrans0.ltrans.o
 *fill*         0x0800754a        0x2 
 .text.oneshot_set
                0x0800754c       0x48 C:\QMK_MSYS\tmp\cc0QsM0r.ltrans0.ltrans.o
 .text.eeprom_update_byte
                0x08007594       0x22 C:\QMK_MSYS\tmp\cc0QsM0r.ltrans0.ltrans.o
 .text.dynamic_keymap_set_keycode
                0x080075b6       0x38 C:\QMK_MSYS\tmp\cc0QsM0r.ltrans0.ltrans.o
 *fill*         0x080075ee        0x2 
 .text.dynamic_keymap_reset
                0x080075f0       0x54 C:\QMK_MSYS\tmp\cc0QsM0r.ltrans0.ltrans.o
 .text.dynamic_keymap_macro_reset
                0x08007644       0x18 C:\QMK_MSYS\tmp\cc0QsM0r.ltrans0.ltrans.o
 .text.via_eeprom_set_valid
                0x0800765c       0x32 C:\QMK_MSYS\tmp\cc0QsM0r.ltrans0.ltrans.o
 .text.eeconfig_init_via
                0x0800768e       0x22 C:\QMK_MSYS\tmp\cc0QsM0r.ltrans0.ltrans.o
 .text.eeprom_update_block.constprop.0
                0x080076b0       0x2e C:\QMK_MSYS\tmp\cc0QsM0r.ltrans0.ltrans.o
 *fill*         0x080076de        0x2 
 .text.eeconfig_flush_rgb_matrix.part.0
                0x080076e0       0x18 C:\QMK_MSYS\tmp\cc0QsM0r.ltrans0.ltrans.o
 .text.eeconfig_update_rgb_matrix_default
                0x080076f8       0x40 C:\QMK_MSYS\tmp\cc0QsM0r.ltrans0.ltrans.o
 .text.rgb_matrix_task
                0x08007738      0x198 C:\QMK_MSYS\tmp\cc0QsM0r.ltrans0.ltrans.o
 .text.eeprom_update_dword.constprop.0
                0x080078d0       0x28 C:\QMK_MSYS\tmp\cc0QsM0r.ltrans0.ltrans.o
 .text.wear_leveling_erase.isra.0
                0x080078f8       0x20 C:\QMK_MSYS\tmp\cc0QsM0r.ltrans0.ltrans.o
 .text.eeconfig_init_quantum
                0x08007918       0x98 C:\QMK_MSYS\tmp\cc0QsM0r.ltrans0.ltrans.o
 .text.command_common
                0x080079b0      0x2c0 C:\QMK_MSYS\tmp\cc0QsM0r.ltrans0.ltrans.o
 .text.register_code
                0x08007c70      0x158 C:\QMK_MSYS\tmp\cc0QsM0r.ltrans0.ltrans.o
                0x08007c70                register_code
 .text.tap_code
                0x08007dc8       0x28 C:\QMK_MSYS\tmp\cc0QsM0r.ltrans0.ltrans.o
 .text.perform_space_cadet.isra.0
                0x08007df0       0xa4 C:\QMK_MSYS\tmp\cc0QsM0r.ltrans0.ltrans.o
 .text.process_record
                0x08007e94      0xad0 C:\QMK_MSYS\tmp\cc0QsM0r.ltrans0.ltrans.o
 .text.waiting_buffer_scan_tap
                0x08008964       0x78 C:\QMK_MSYS\tmp\cc0QsM0r.ltrans0.ltrans.o
 .text.process_tapping
                0x080089dc      0x22c C:\QMK_MSYS\tmp\cc0QsM0r.ltrans0.ltrans.o
 .text.action_exec
                0x08008c08       0xcc C:\QMK_MSYS\tmp\cc0QsM0r.ltrans0.ltrans.o
 .text.generate_tick_event
                0x08008cd4       0x38 C:\QMK_MSYS\tmp\cc0QsM0r.ltrans0.ltrans.o
 .text.startup.main
                0x08008d0c     0x13dc C:\QMK_MSYS\tmp\cc0QsM0r.ltrans0.ltrans.o
                0x08008d0c                main
 .text.SVC_Handler
                0x0800a0e8       0x12 C:\QMK_MSYS\tmp\cc0QsM0r.ltrans0.ltrans.o
                0x0800a0e8                SVC_Handler
 *fill*         0x0800a0fa        0x2 
 .text.SysTick_Handler
                0x0800a0fc       0x64 C:\QMK_MSYS\tmp\cc0QsM0r.ltrans0.ltrans.o
                0x0800a0fc                SysTick_Handler
 .text.Vector90
                0x0800a160      0x2dc C:\QMK_MSYS\tmp\cc0QsM0r.ltrans0.ltrans.o
                0x0800a160                Vector90
 .text._fini    0x0800a43c        0x2 C:\QMK_MSYS\tmp\cc0QsM0r.ltrans0.ltrans.o
                0x0800a43c                _fini
 *fill*         0x0800a43e        0x2 
 .text.waiting_buffer_typed.isra.0
                0x0800a440       0x44 C:\QMK_MSYS\tmp\cc0QsM0r.ltrans1.ltrans.o
                0x0800a440                waiting_buffer_typed.isra.0
 .text.encoder_update_kb.isra.0
                0x0800a484       0x44 C:\QMK_MSYS\tmp\cc0QsM0r.ltrans1.ltrans.o
                0x0800a484                encoder_update_kb.isra.0
 .text.__udivmoddi4
                0x0800a4c8      0x2a0 C:/QMK_MSYS/mingw64/bin/../lib/gcc/arm-none-eabi/13.3.0/thumb/v7-m/nofp\libgcc.a(_udivmoddi4.o)
                0x0800a4c8                __udivmoddi4
 *(.glue_7t)
 .glue_7t       0x0800a768        0x0 linker stubs
 *(.glue_7)
 .glue_7        0x0800a768        0x0 linker stubs
 *(.gcc*)
                0x0800a768                        __text_end__ = .

.vfp11_veneer   0x0800a768        0x0
 .vfp11_veneer  0x0800a768        0x0 linker stubs

.v4_bx          0x0800a768        0x0
 .v4_bx         0x0800a768        0x0 linker stubs

.iplt           0x0800a768        0x0
 .iplt          0x0800a768        0x0 .build/obj_0mao_08gamerst_via/./lib/chibios/os/common/startup/ARMCMx/compilers/GCC/crt0_v7m.o

.rodata         0x0800a768     0x1324
                0x0800a768                        __rodata_base__ = .
 *(.rodata)
 .rodata        0x0800a768        0x3 C:\QMK_MSYS\tmp\cc0QsM0r.ltrans0.ltrans.o
 *fill*         0x0800a76b        0x1 
 .rodata        0x0800a76c      0x101 C:/QMK_MSYS/mingw64/bin/../lib/gcc/arm-none-eabi/13.3.0/../../../../arm-none-eabi/lib/thumb/v7-m/nofp\libg_nano.a(libc_a-ctype_.o)
                0x0800a76c                _ctype_
 *(.rodata.*)
 .rodata.vsnprintf_impl.constprop.0.str1.1
                0x0800a86d      0xaab C:\QMK_MSYS\tmp\cc0QsM0r.ltrans0.ltrans.o
                                  0xd (size before relaxing)
 .rodata.send_keyboard_report.str1.1
                0x0800b318       0x36 C:\QMK_MSYS\tmp\cc0QsM0r.ltrans0.ltrans.o
 .rodata.rgb_matrix_toggle_eeprom_helper.str1.1
                0x0800b318       0x47 C:\QMK_MSYS\tmp\cc0QsM0r.ltrans0.ltrans.o
 .rodata.rgb_matrix_mode_eeprom_helper.str1.1
                0x0800b318       0x1a C:\QMK_MSYS\tmp\cc0QsM0r.ltrans0.ltrans.o
 .rodata.rgb_matrix_sethsv_eeprom_helper.str1.1
                0x0800b318       0x23 C:\QMK_MSYS\tmp\cc0QsM0r.ltrans0.ltrans.o
 .rodata.rgb_matrix_set_speed_eeprom_helper.str1.1
                0x0800b318       0x1f C:\QMK_MSYS\tmp\cc0QsM0r.ltrans0.ltrans.o
 .rodata.mousekey_param_print.str1.1
                0x0800b318       0x7d C:\QMK_MSYS\tmp\cc0QsM0r.ltrans0.ltrans.o
 .rodata.mousekey_send.str1.1
                0x0800b318       0x3a C:\QMK_MSYS\tmp\cc0QsM0r.ltrans0.ltrans.o
 .rodata.switch_default_layer.str1.1
                0x0800b318        0x5 C:\QMK_MSYS\tmp\cc0QsM0r.ltrans0.ltrans.o
 .rodata.add_key_to_report.str1.1
                0x0800b318       0x1e C:\QMK_MSYS\tmp\cc0QsM0r.ltrans0.ltrans.o
 .rodata.del_key_from_report.str1.1
                0x0800b318       0x1e C:\QMK_MSYS\tmp\cc0QsM0r.ltrans0.ltrans.o
 .rodata.mousekey_console.isra.0.str1.1
                0x0800b318      0x16e C:\QMK_MSYS\tmp\cc0QsM0r.ltrans0.ltrans.o
 .rodata.oneshot_set.str1.1
                0x0800b318       0x15 C:\QMK_MSYS\tmp\cc0QsM0r.ltrans0.ltrans.o
 .rodata.eeconfig_update_rgb_matrix_default.str1.1
                0x0800b318       0x24 C:\QMK_MSYS\tmp\cc0QsM0r.ltrans0.ltrans.o
 .rodata.command_common.str1.1
                0x0800b318      0x55e C:\QMK_MSYS\tmp\cc0QsM0r.ltrans0.ltrans.o
 .rodata.process_record.str1.1
                0x0800b318       0x23 C:\QMK_MSYS\tmp\cc0QsM0r.ltrans0.ltrans.o
 .rodata.main.str1.1
                0x0800b318      0x1bc C:\QMK_MSYS\tmp\cc0QsM0r.ltrans0.ltrans.o
 .rodata.ConsoleReport
                0x0800b318       0x22 C:\QMK_MSYS\tmp\cc0QsM0r.ltrans0.ltrans.o
 .rodata.SharedReport
                0x0800b33a       0xb6 C:\QMK_MSYS\tmp\cc0QsM0r.ltrans0.ltrans.o
 .rodata.RawReport
                0x0800b3f0       0x22 C:\QMK_MSYS\tmp\cc0QsM0r.ltrans0.ltrans.o
 .rodata.KeyboardReport
                0x0800b412       0x44 C:\QMK_MSYS\tmp\cc0QsM0r.ltrans0.ltrans.o
 .rodata.ProductString
                0x0800b456       0x1a C:\QMK_MSYS\tmp\cc0QsM0r.ltrans0.ltrans.o
 .rodata.ManufacturerString
                0x0800b470        0xe C:\QMK_MSYS\tmp\cc0QsM0r.ltrans0.ltrans.o
 .rodata.LanguageString
                0x0800b47e        0x4 C:\QMK_MSYS\tmp\cc0QsM0r.ltrans0.ltrans.o
 *fill*         0x0800b482        0x2 
 .rodata.ep0config
                0x0800b484       0x24 C:\QMK_MSYS\tmp\cc0QsM0r.ltrans0.ltrans.o
 .rodata.cfgtab.0
                0x0800b4a8       0x12 C:\QMK_MSYS\tmp\cc0QsM0r.ltrans0.ltrans.o
 *fill*         0x0800b4ba        0x2 
 .rodata.efl_lld_descriptor
                0x0800b4bc       0x1c C:\QMK_MSYS\tmp\cc0QsM0r.ltrans0.ltrans.o
 .rodata.active_status
                0x0800b4d8        0x2 C:\QMK_MSYS\tmp\cc0QsM0r.ltrans0.ltrans.o
 .rodata.halted_status
                0x0800b4da        0x2 C:\QMK_MSYS\tmp\cc0QsM0r.ltrans0.ltrans.o
 .rodata.zero_status
                0x0800b4dc        0x2 C:\QMK_MSYS\tmp\cc0QsM0r.ltrans0.ltrans.o
 *fill*         0x0800b4de        0x2 
 .rodata.ram_areas
                0x0800b4e0       0x80 C:\QMK_MSYS\tmp\cc0QsM0r.ltrans0.ltrans.o
 .rodata.shared_ep_config
                0x0800b560       0x24 C:\QMK_MSYS\tmp\cc0QsM0r.ltrans0.ltrans.o
 .rodata.kbd_ep_config
                0x0800b584       0x24 C:\QMK_MSYS\tmp\cc0QsM0r.ltrans0.ltrans.o
 .rodata.ConfigurationDescriptor
                0x0800b5a8       0x7b C:\QMK_MSYS\tmp\cc0QsM0r.ltrans0.ltrans.o
 .rodata.DeviceDescriptor
                0x0800b623       0x12 C:\QMK_MSYS\tmp\cc0QsM0r.ltrans0.ltrans.o
 .rodata.CSWTCH.5
                0x0800b635        0x4 C:\QMK_MSYS\tmp\cc0QsM0r.ltrans0.ltrans.o
 *fill*         0x0800b639        0x3 
 .rodata.CSWTCH.4
                0x0800b63c       0x10 C:\QMK_MSYS\tmp\cc0QsM0r.ltrans0.ltrans.o
 .rodata.CSWTCH.3
                0x0800b64c       0x10 C:\QMK_MSYS\tmp\cc0QsM0r.ltrans0.ltrans.o
 .rodata.CSWTCH.2
                0x0800b65c        0x3 C:\QMK_MSYS\tmp\cc0QsM0r.ltrans0.ltrans.o
 *fill*         0x0800b65f        0x1 
 .rodata.CSWTCH.1
                0x0800b660        0xc C:\QMK_MSYS\tmp\cc0QsM0r.ltrans0.ltrans.o
 .rodata.keymaps
                0x0800b66c       0xfc C:\QMK_MSYS\tmp\cc0QsM0r.ltrans0.ltrans.o
 .rodata.b_m16_interleave
                0x0800b768        0x8 C:\QMK_MSYS\tmp\cc0QsM0r.ltrans0.ltrans.o
 .rodata.CIE1931_CURVE
                0x0800b770      0x100 C:\QMK_MSYS\tmp\cc0QsM0r.ltrans0.ltrans.o
 .rodata.vmt.lto_priv.1
                0x0800b870       0x28 C:\QMK_MSYS\tmp\cc0QsM0r.ltrans0.ltrans.o
 .rodata.str1.1
                0x0800b898        0x3 C:\QMK_MSYS\tmp\cc0QsM0r.ltrans0.ltrans.o
 .rodata.ch_core0_cfg
                0x0800b898        0xc C:\QMK_MSYS\tmp\cc0QsM0r.ltrans0.ltrans.o
 .rodata.vmt.lto_priv.0
                0x0800b8a4       0x28 C:\QMK_MSYS\tmp\cc0QsM0r.ltrans0.ltrans.o
 .rodata.row_pins
                0x0800b8cc       0x18 C:\QMK_MSYS\tmp\cc0QsM0r.ltrans0.ltrans.o
 .rodata.col_pins
                0x0800b8e4       0x1c C:\QMK_MSYS\tmp\cc0QsM0r.ltrans0.ltrans.o
 .rodata.usbcfg
                0x0800b900       0x10 C:\QMK_MSYS\tmp\cc0QsM0r.ltrans0.ltrans.o
 .rodata.g_led_config
                0x0800b910       0x90 C:\QMK_MSYS\tmp\cc0QsM0r.ltrans0.ltrans.o
 .rodata.encoder_LUT
                0x0800b9a0       0x10 C:\QMK_MSYS\tmp\cc0QsM0r.ltrans0.ltrans.o
 .rodata.CSWTCH.11
                0x0800b9b0       0x36 C:\QMK_MSYS\tmp\cc0QsM0r.ltrans0.ltrans.o
 .rodata.ascii_to_altgr_lut
                0x0800b9e6       0x10 C:\QMK_MSYS\tmp\cc0QsM0r.ltrans0.ltrans.o
 .rodata.ascii_to_shift_lut
                0x0800b9f6       0x10 C:\QMK_MSYS\tmp\cc0QsM0r.ltrans0.ltrans.o
 .rodata.ascii_to_keycode_lut
                0x0800ba06       0x80 C:\QMK_MSYS\tmp\cc0QsM0r.ltrans0.ltrans.o
 .rodata.encoders_matrix_map
                0x0800ba86        0x4 C:\QMK_MSYS\tmp\cc0QsM0r.ltrans1.ltrans.o
                0x0800ba8c                        . = ALIGN (0x4)
 *fill*         0x0800ba8a        0x2 
                0x0800ba8c                        __rodata_end__ = .

.ARM.extab
 *(.ARM.extab* .gnu.linkonce.armextab.*)

.ARM.exidx      0x0800ba8c        0x8
                0x0800ba8c                        __exidx_base__ = .
                0x0800ba8c                        __exidx_start = .
 *(.ARM.exidx* .gnu.linkonce.armexidx.*)
 .ARM.exidx     0x0800ba8c        0x8 C:/QMK_MSYS/mingw64/bin/../lib/gcc/arm-none-eabi/13.3.0/../../../../arm-none-eabi/lib/thumb/v7-m/nofp\libg_nano.a(libc_a-memcpy.o)
 .ARM.exidx.text.__udivmoddi4
                0x0800ba94        0x0 C:/QMK_MSYS/mingw64/bin/../lib/gcc/arm-none-eabi/13.3.0/thumb/v7-m/nofp\libgcc.a(_udivmoddi4.o)
                                  0x8 (size before relaxing)
                0x0800ba94                        __exidx_end__ = .
                0x0800ba94                        __exidx_end = .

.rel.dyn        0x0800ba94        0x0
 .rel.iplt      0x0800ba94        0x0 .build/obj_0mao_08gamerst_via/./lib/chibios/os/common/startup/ARMCMx/compilers/GCC/crt0_v7m.o

.eh_frame_hdr
 *(.eh_frame_hdr)

.eh_frame
 *(.eh_frame)

.data           0x20000c00      0x2e8 load address 0x0800ba94
                [!provide]                        PROVIDE (_textdata = LOADADDR (.data))
                [!provide]                        PROVIDE (_data = .)
                0x0800ba94                        __textdata_base__ = LOADADDR (.data)
                0x20000c00                        __data_base__ = .
 *(.data)
 *(.data.*)
 .data.linecoding
                0x20000c00        0x7 C:\QMK_MSYS\tmp\cc0QsM0r.ltrans0.ltrans.o
 .data.mk_wheel_time_to_max
                0x20000c07        0x1 C:\QMK_MSYS\tmp\cc0QsM0r.ltrans0.ltrans.o
 .data.mk_wheel_max_speed
                0x20000c08        0x1 C:\QMK_MSYS\tmp\cc0QsM0r.ltrans0.ltrans.o
 .data.mk_time_to_max
                0x20000c09        0x1 C:\QMK_MSYS\tmp\cc0QsM0r.ltrans0.ltrans.o
 .data.mk_max_speed
                0x20000c0a        0x1 C:\QMK_MSYS\tmp\cc0QsM0r.ltrans0.ltrans.o
 .data.rgb_effect_params
                0x20000c0b        0x3 C:\QMK_MSYS\tmp\cc0QsM0r.ltrans0.ltrans.o
 .data.rgb_last_enable
                0x20000c0e        0x1 C:\QMK_MSYS\tmp\cc0QsM0r.ltrans0.ltrans.o
 .data.rgb_last_effect
                0x20000c0f        0x1 C:\QMK_MSYS\tmp\cc0QsM0r.ltrans0.ltrans.o
 .data.rand16seed
                0x20000c10        0x2 C:\QMK_MSYS\tmp\cc0QsM0r.ltrans0.ltrans.o
 *fill*         0x20000c12        0x2 
 .data.func     0x20000c14        0x4 C:\QMK_MSYS\tmp\cc0QsM0r.ltrans0.ltrans.o
 .data.base_offset
                0x20000c18        0x4 C:\QMK_MSYS\tmp\cc0QsM0r.ltrans0.ltrans.o
 .data.sector_count
                0x20000c1c        0x4 C:\QMK_MSYS\tmp\cc0QsM0r.ltrans0.ltrans.o
 .data.first_sector
                0x20000c20        0x4 C:\QMK_MSYS\tmp\cc0QsM0r.ltrans0.ltrans.o
 .data.chibios_driver
                0x20000c24       0x14 C:\QMK_MSYS\tmp\cc0QsM0r.ltrans0.ltrans.o
 .data.mk_delay
                0x20000c38        0x1 C:\QMK_MSYS\tmp\cc0QsM0r.ltrans0.ltrans.o
 .data.mk_interval
                0x20000c39        0x1 C:\QMK_MSYS\tmp\cc0QsM0r.ltrans0.ltrans.o
 .data.rgb_task_state
                0x20000c3a        0x1 C:\QMK_MSYS\tmp\cc0QsM0r.ltrans0.ltrans.o
 *fill*         0x20000c3b        0x1 
 .data.drivers  0x20000c3c      0x2a8 C:\QMK_MSYS\tmp\cc0QsM0r.ltrans0.ltrans.o
 .data.keyboard_protocol
                0x20000ee4        0x1 C:\QMK_MSYS\tmp\cc0QsM0r.ltrans0.ltrans.o
 *(.ramtext)
                0x20000ee8                        . = ALIGN (0x4)
 *fill*         0x20000ee5        0x3 
                [!provide]                        PROVIDE (_edata = .)
                0x20000ee8                        __data_end__ = .

.igot.plt       0x20000ee8        0x0 load address 0x0800bd7c
 .igot.plt      0x20000ee8        0x0 .build/obj_0mao_08gamerst_via/./lib/chibios/os/common/startup/ARMCMx/compilers/GCC/crt0_v7m.o

.bss            0x20000ee8      0xb18 load address 0x0800bd7c
                0x20000ee8                        __bss_base__ = .
 *(.bss)
 *(.bss.*)
 .bss.ep0setup_buffer
                0x20000ee8        0x8 C:\QMK_MSYS\tmp\cc0QsM0r.ltrans0.ltrans.o
 .bss.ep0_state
                0x20000ef0       0x14 C:\QMK_MSYS\tmp\cc0QsM0r.ltrans0.ltrans.o
 .bss.shared_ep_state
                0x20000f04       0x14 C:\QMK_MSYS\tmp\cc0QsM0r.ltrans0.ltrans.o
 .bss.kbd_ep_state
                0x20000f18       0x14 C:\QMK_MSYS\tmp\cc0QsM0r.ltrans0.ltrans.o
 *fill*         0x20000f2c        0x4 
 .bss.ch_c0_idle_thread_wa
                0x20000f30      0x110 C:\QMK_MSYS\tmp\cc0QsM0r.ltrans0.ltrans.o
 .bss.__compound_literal.3
                0x20001040       0x90 C:\QMK_MSYS\tmp\cc0QsM0r.ltrans0.ltrans.o
 .bss.__compound_literal.2
                0x200010d0       0x90 C:\QMK_MSYS\tmp\cc0QsM0r.ltrans0.ltrans.o
 .bss.__compound_literal.1.lto_priv.1
                0x20001160       0x90 C:\QMK_MSYS\tmp\cc0QsM0r.ltrans0.ltrans.o
 .bss.__compound_literal.0.lto_priv.1
                0x200011f0       0x90 C:\QMK_MSYS\tmp\cc0QsM0r.ltrans0.ltrans.o
 .bss.__compound_literal.1.lto_priv.0
                0x20001280       0x20 C:\QMK_MSYS\tmp\cc0QsM0r.ltrans0.ltrans.o
 .bss.__compound_literal.0.lto_priv.0
                0x200012a0        0x8 C:\QMK_MSYS\tmp\cc0QsM0r.ltrans0.ltrans.o
 .bss.debouncing_time
                0x200012a8        0x4 C:\QMK_MSYS\tmp\cc0QsM0r.ltrans0.ltrans.o
 .bss.debouncing
                0x200012ac        0x1 C:\QMK_MSYS\tmp\cc0QsM0r.ltrans0.ltrans.o
 *fill*         0x200012ad        0x3 
 .bss.desc.0    0x200012b0        0x4 C:\QMK_MSYS\tmp\cc0QsM0r.ltrans0.ltrans.o
 .bss.pp.1      0x200012b4        0x4 C:\QMK_MSYS\tmp\cc0QsM0r.ltrans0.ltrans.o
 .bss.param.2   0x200012b8        0x1 C:\QMK_MSYS\tmp\cc0QsM0r.ltrans0.ltrans.o
 *fill*         0x200012b9        0x1 
 .bss.sc_timer  0x200012ba        0x2 C:\QMK_MSYS\tmp\cc0QsM0r.ltrans0.ltrans.o
 .bss.timed_out.0
                0x200012bc        0x1 C:\QMK_MSYS\tmp\cc0QsM0r.ltrans0.ltrans.o
 .bss.universal_report_blank
                0x200012bd        0x8 C:\QMK_MSYS\tmp\cc0QsM0r.ltrans0.ltrans.o
 .bss.mouse_report_sent
                0x200012c5        0x6 C:\QMK_MSYS\tmp\cc0QsM0r.ltrans0.ltrans.o
 .bss.keyboard_report_sent
                0x200012cb        0x8 C:\QMK_MSYS\tmp\cc0QsM0r.ltrans0.ltrans.o
 .bss.keyboard_led_state
                0x200012d3        0x1 C:\QMK_MSYS\tmp\cc0QsM0r.ltrans0.ltrans.o
 .bss.set_report_buf
                0x200012d4        0x2 C:\QMK_MSYS\tmp\cc0QsM0r.ltrans0.ltrans.o
 *fill*         0x200012d6        0x2 
 .bss.descriptor.1
                0x200012d8        0x8 C:\QMK_MSYS\tmp\cc0QsM0r.ltrans0.ltrans.o
 .bss.last_consumer_usage
                0x200012e0        0x2 C:\QMK_MSYS\tmp\cc0QsM0r.ltrans0.ltrans.o
 .bss.last_system_usage
                0x200012e2        0x2 C:\QMK_MSYS\tmp\cc0QsM0r.ltrans0.ltrans.o
 .bss.keyboard_idle
                0x200012e4        0x1 C:\QMK_MSYS\tmp\cc0QsM0r.ltrans0.ltrans.o
 .bss.s_init.0  0x200012e5        0x1 C:\QMK_MSYS\tmp\cc0QsM0r.ltrans0.ltrans.o
 .bss.rgb_matrix_ws2812_array
                0x200012e6       0x66 C:\QMK_MSYS\tmp\cc0QsM0r.ltrans0.ltrans.o
 .bss.ws2812_dirty
                0x2000134c        0x1 C:\QMK_MSYS\tmp\cc0QsM0r.ltrans0.ltrans.o
 *fill*         0x2000134d        0x3 
 .bss.rgb_timer_buffer
                0x20001350        0x4 C:\QMK_MSYS\tmp\cc0QsM0r.ltrans0.ltrans.o
 .bss.decrease_heatmap_values
                0x20001354        0x1 C:\QMK_MSYS\tmp\cc0QsM0r.ltrans0.ltrans.o
 *fill*         0x20001355        0x1 
 .bss.heatmap_decrease_timer
                0x20001356        0x2 C:\QMK_MSYS\tmp\cc0QsM0r.ltrans0.ltrans.o
 .bss.g_rgb_timer
                0x20001358        0x4 C:\QMK_MSYS\tmp\cc0QsM0r.ltrans0.ltrans.o
 .bss.is_issuing_read
                0x2000135c        0x1 C:\QMK_MSYS\tmp\cc0QsM0r.ltrans0.ltrans.o
 .bss.ecc_error_occurred
                0x2000135d        0x1 C:\QMK_MSYS\tmp\cc0QsM0r.ltrans0.ltrans.o
 *fill*         0x2000135e        0x2 
 .bss.ch_memcore
                0x20001360        0x8 C:\QMK_MSYS\tmp\cc0QsM0r.ltrans0.ltrans.o
 .bss.wear_leveling
                0x20001368      0x408 C:\QMK_MSYS\tmp\cc0QsM0r.ltrans0.ltrans.o
 .bss.EFLD1     0x20001770       0x20 C:\QMK_MSYS\tmp\cc0QsM0r.ltrans0.ltrans.o
 .bss.flash     0x20001790        0x4 C:\QMK_MSYS\tmp\cc0QsM0r.ltrans0.ltrans.o
 .bss.keyboard_idle_timer
                0x20001794       0x18 C:\QMK_MSYS\tmp\cc0QsM0r.ltrans0.ltrans.o
 .bss.ms_offset
                0x200017ac        0x4 C:\QMK_MSYS\tmp\cc0QsM0r.ltrans0.ltrans.o
 .bss.last_ticks
                0x200017b0        0x4 C:\QMK_MSYS\tmp\cc0QsM0r.ltrans0.ltrans.o
 .bss.ticks_offset
                0x200017b4        0x4 C:\QMK_MSYS\tmp\cc0QsM0r.ltrans0.ltrans.o
 .bss.ch0       0x200017b8       0x60 C:\QMK_MSYS\tmp\cc0QsM0r.ltrans0.ltrans.o
 .bss.raw_matrix
                0x20001818        0x6 C:\QMK_MSYS\tmp\cc0QsM0r.ltrans0.ltrans.o
 .bss.dirty_rgb_matrix
                0x2000181e        0x1 C:\QMK_MSYS\tmp\cc0QsM0r.ltrans0.ltrans.o
 .bss.g_last_hit_tracker
                0x2000181f       0x29 C:\QMK_MSYS\tmp\cc0QsM0r.ltrans0.ltrans.o
 .bss.driver.lto_priv.1
                0x20001848        0x4 C:\QMK_MSYS\tmp\cc0QsM0r.ltrans0.ltrans.o
 .bss.event_queue
                0x2000184c       0x10 C:\QMK_MSYS\tmp\cc0QsM0r.ltrans0.ltrans.o
 .bss.event_queue_tail
                0x2000185c        0x1 C:\QMK_MSYS\tmp\cc0QsM0r.ltrans0.ltrans.o
 .bss.event_queue_head
                0x2000185d        0x1 C:\QMK_MSYS\tmp\cc0QsM0r.ltrans0.ltrans.o
 .bss.last_suspend_state
                0x2000185e        0x1 C:\QMK_MSYS\tmp\cc0QsM0r.ltrans0.ltrans.o
 .bss.suspend_state
                0x2000185f        0x1 C:\QMK_MSYS\tmp\cc0QsM0r.ltrans0.ltrans.o
 .bss.USBD1     0x20001860       0x88 C:\QMK_MSYS\tmp\cc0QsM0r.ltrans0.ltrans.o
 .bss.g_rgb_frame_buffer
                0x200018e8       0x2a C:\QMK_MSYS\tmp\cc0QsM0r.ltrans0.ltrans.o
 .bss.last_hit_buffer
                0x20001912       0x29 C:\QMK_MSYS\tmp\cc0QsM0r.ltrans0.ltrans.o
 .bss.matrix_previous.1
                0x2000193b        0x6 C:\QMK_MSYS\tmp\cc0QsM0r.ltrans0.ltrans.o
 .bss.encoder_value
                0x20001941        0x1 C:\QMK_MSYS\tmp\cc0QsM0r.ltrans0.ltrans.o
 .bss.encoder_pulses
                0x20001942        0x1 C:\QMK_MSYS\tmp\cc0QsM0r.ltrans0.ltrans.o
 .bss.thisCount
                0x20001943        0x1 C:\QMK_MSYS\tmp\cc0QsM0r.ltrans0.ltrans.o
 .bss.encoder_state
                0x20001944        0x1 C:\QMK_MSYS\tmp\cc0QsM0r.ltrans0.ltrans.o
 *fill*         0x20001945        0x1 
 .bss.last_timer_w
                0x20001946        0x2 C:\QMK_MSYS\tmp\cc0QsM0r.ltrans0.ltrans.o
 .bss.last_timer_c
                0x20001948        0x2 C:\QMK_MSYS\tmp\cc0QsM0r.ltrans0.ltrans.o
 .bss.last_led_status.0
                0x2000194a        0x1 C:\QMK_MSYS\tmp\cc0QsM0r.ltrans0.ltrans.o
 *fill*         0x2000194b        0x5 
 .bss.rgb_matrix_config
                0x20001950        0x8 C:\QMK_MSYS\tmp\cc0QsM0r.ltrans0.ltrans.o
 .bss.matrix    0x20001958        0x6 C:\QMK_MSYS\tmp\cc0QsM0r.ltrans0.ltrans.o
 .bss.last_tick.0
                0x2000195e        0x2 C:\QMK_MSYS\tmp\cc0QsM0r.ltrans0.ltrans.o
 .bss.last_report.0
                0x20001960       0x20 C:\QMK_MSYS\tmp\cc0QsM0r.ltrans0.ltrans.o
 .bss.driver.lto_priv.0
                0x20001980        0x4 C:\QMK_MSYS\tmp\cc0QsM0r.ltrans0.ltrans.o
 .bss.last_report.1
                0x20001984        0x8 C:\QMK_MSYS\tmp\cc0QsM0r.ltrans0.ltrans.o
 .bss.source_layers_cache
                0x2000198c       0x12 C:\QMK_MSYS\tmp\cc0QsM0r.ltrans0.ltrans.o
 .bss.mousekey_accel
                0x2000199e        0x1 C:\QMK_MSYS\tmp\cc0QsM0r.ltrans0.ltrans.o
 .bss.mousekey_wheel_repeat
                0x2000199f        0x1 C:\QMK_MSYS\tmp\cc0QsM0r.ltrans0.ltrans.o
 .bss.mousekey_repeat
                0x200019a0        0x1 C:\QMK_MSYS\tmp\cc0QsM0r.ltrans0.ltrans.o
 .bss.mouse_report
                0x200019a1        0x6 C:\QMK_MSYS\tmp\cc0QsM0r.ltrans0.ltrans.o
 .bss.command_state
                0x200019a7        0x1 C:\QMK_MSYS\tmp\cc0QsM0r.ltrans0.ltrans.o
 .bss.sc_last   0x200019a8        0x1 C:\QMK_MSYS\tmp\cc0QsM0r.ltrans0.ltrans.o
 .bss.grave_esc_was_shifted
                0x200019a9        0x1 C:\QMK_MSYS\tmp\cc0QsM0r.ltrans0.ltrans.o
 .bss.debug_config
                0x200019aa        0x1 C:\QMK_MSYS\tmp\cc0QsM0r.ltrans0.ltrans.o
 .bss.real_mods
                0x200019ab        0x1 C:\QMK_MSYS\tmp\cc0QsM0r.ltrans0.ltrans.o
 .bss.oneshot_mods
                0x200019ac        0x1 C:\QMK_MSYS\tmp\cc0QsM0r.ltrans0.ltrans.o
 .bss.oneshot_locked_mods
                0x200019ad        0x1 C:\QMK_MSYS\tmp\cc0QsM0r.ltrans0.ltrans.o
 .bss.default_layer_state
                0x200019ae        0x1 C:\QMK_MSYS\tmp\cc0QsM0r.ltrans0.ltrans.o
 .bss.layer_state
                0x200019af        0x1 C:\QMK_MSYS\tmp\cc0QsM0r.ltrans0.ltrans.o
 .bss.oneshot_layer_data
                0x200019b0        0x1 C:\QMK_MSYS\tmp\cc0QsM0r.ltrans0.ltrans.o
 *fill*         0x200019b1        0x1 
 .bss.keymap_config
                0x200019b2        0x2 C:\QMK_MSYS\tmp\cc0QsM0r.ltrans0.ltrans.o
 .bss.weak_mods
                0x200019b4        0x1 C:\QMK_MSYS\tmp\cc0QsM0r.ltrans0.ltrans.o
 .bss.waiting_buffer_head.lto_priv.0
                0x200019b5        0x1 C:\QMK_MSYS\tmp\cc0QsM0r.ltrans0.ltrans.o
                0x200019b5                waiting_buffer_head.lto_priv.0
 .bss.waiting_buffer_tail.lto_priv.0
                0x200019b6        0x1 C:\QMK_MSYS\tmp\cc0QsM0r.ltrans0.ltrans.o
                0x200019b6                waiting_buffer_tail.lto_priv.0
 *fill*         0x200019b7        0x1 
 .bss.waiting_buffer.lto_priv.0
                0x200019b8       0x40 C:\QMK_MSYS\tmp\cc0QsM0r.ltrans0.ltrans.o
                0x200019b8                waiting_buffer.lto_priv.0
 .bss.tapping_key
                0x200019f8        0x8 C:\QMK_MSYS\tmp\cc0QsM0r.ltrans0.ltrans.o
 *(COMMON)
                0x20001a00                        . = ALIGN (0x4)
                0x20001a00                        __bss_end__ = .
                [!provide]                        PROVIDE (end = .)
                0x20000000                        __ram0_base__ = ORIGIN (ram0)
                0x00005000                        __ram0_size__ = LENGTH (ram0)
                0x20005000                        __ram0_end__ = (__ram0_base__ + __ram0_size__)
                0x00000000                        __ram1_base__ = ORIGIN (ram1)
                0x00000000                        __ram1_size__ = LENGTH (ram1)
                0x00000000                        __ram1_end__ = (__ram1_base__ + __ram1_size__)
                0x00000000                        __ram2_base__ = ORIGIN (ram2)
                0x00000000                        __ram2_size__ = LENGTH (ram2)
                0x00000000                        __ram2_end__ = (__ram2_base__ + __ram2_size__)
                0x00000000                        __ram3_base__ = ORIGIN (ram3)
                0x00000000                        __ram3_size__ = LENGTH (ram3)
                0x00000000                        __ram3_end__ = (__ram3_base__ + __ram3_size__)
                0x00000000                        __ram4_base__ = ORIGIN (ram4)
                0x00000000                        __ram4_size__ = LENGTH (ram4)
                0x00000000                        __ram4_end__ = (__ram4_base__ + __ram4_size__)
                0x00000000                        __ram5_base__ = ORIGIN (ram5)
                0x00000000                        __ram5_size__ = LENGTH (ram5)
                0x00000000                        __ram5_end__ = (__ram5_base__ + __ram5_size__)
                0x00000000                        __ram6_base__ = ORIGIN (ram6)
                0x00000000                        __ram6_size__ = LENGTH (ram6)
                0x00000000                        __ram6_end__ = (__ram6_base__ + __ram6_size__)
                0x00000000                        __ram7_base__ = ORIGIN (ram7)
                0x00000000                        __ram7_size__ = LENGTH (ram7)
                0x00000000                        __ram7_end__ = (__ram7_base__ + __ram7_size__)
                0x08002000                        __flash0_base__ = ORIGIN (flash0)
                0x0000e000                        __flash0_size__ = LENGTH (flash0)
                0x08010000                        __flash0_end__ = (__flash0_base__ + __flash0_size__)
                0x00000000                        __flash1_base__ = ORIGIN (flash1)
                0x00000000                        __flash1_size__ = LENGTH (flash1)
                0x00000000                        __flash1_end__ = (__flash1_base__ + __flash1_size__)
                0x00000000                        __flash2_base__ = ORIGIN (flash2)
                0x00000000                        __flash2_size__ = LENGTH (flash2)
                0x00000000                        __flash2_end__ = (__flash2_base__ + __flash2_size__)
                0x00000000                        __flash3_base__ = ORIGIN (flash3)
                0x00000000                        __flash3_size__ = LENGTH (flash3)
                0x00000000                        __flash3_end__ = (__flash3_base__ + __flash3_size__)
                0x00000000                        __flash4_base__ = ORIGIN (flash4)
                0x00000000                        __flash4_size__ = LENGTH (flash4)
                0x00000000                        __flash4_end__ = (__flash4_base__ + __flash4_size__)
                0x00000000                        __flash5_base__ = ORIGIN (flash5)
                0x00000000                        __flash5_size__ = LENGTH (flash5)
                0x00000000                        __flash5_end__ = (__flash5_base__ + __flash5_size__)
                0x00000000                        __flash6_base__ = ORIGIN (flash6)
                0x00000000                        __flash6_size__ = LENGTH (flash6)
                0x00000000                        __flash6_end__ = (__flash6_base__ + __flash6_size__)
                0x00000000                        __flash7_base__ = ORIGIN (flash7)
                0x00000000                        __flash7_size__ = LENGTH (flash7)
                0x00000000                        __flash7_end__ = (__flash7_base__ + __flash7_size__)

.ram0_init      0x20001a00        0x0 load address 0x0800bd7c
                0x0800bd7c                        __ram0_init_text__ = LOADADDR (.ram0_init)
                0x20001a00                        __ram0_init__ = .
 *(.ram0_init)
 *(.ram0_init.*)
                0x20001a00                        . = ALIGN (0x4)

.ram0           0x20001a00        0x0 load address 0x0800bd7c
                0x20001a00                        __ram0_clear__ = .
 *(.ram0_clear)
 *(.ram0_clear.*)
                0x20001a00                        . = ALIGN (0x4)
                0x20001a00                        __ram0_noinit__ = .
 *(.ram0)
 *(.ram0.*)
                0x20001a00                        . = ALIGN (0x4)
                0x20001a00                        __ram0_free__ = .

.ram1_init      0x00000000        0x0 load address 0x0800bd7c
                0x0800bd7c                        __ram1_init_text__ = LOADADDR (.ram1_init)
                0x00000000                        __ram1_init__ = .
 *(.ram1_init)
 *(.ram1_init.*)
                0x00000000                        . = ALIGN (0x4)

.ram1           0x00000000        0x0 load address 0x0800bd7c
                0x00000000                        __ram1_clear__ = .
 *(.ram1_clear)
 *(.ram1_clear.*)
                0x00000000                        . = ALIGN (0x4)
                0x00000000                        __ram1_noinit__ = .
 *(.ram1)
 *(.ram1.*)
                0x00000000                        . = ALIGN (0x4)
                0x00000000                        __ram1_free__ = .

.ram2_init      0x00000000        0x0 load address 0x0800bd7c
                0x0800bd7c                        __ram2_init_text__ = LOADADDR (.ram2_init)
                0x00000000                        __ram2_init__ = .
 *(.ram2_init)
 *(.ram2_init.*)
                0x00000000                        . = ALIGN (0x4)

.ram2           0x00000000        0x0 load address 0x0800bd7c
                0x00000000                        __ram2_clear__ = .
 *(.ram2_clear)
 *(.ram2_clear.*)
                0x00000000                        . = ALIGN (0x4)
                0x00000000                        __ram2_noinit__ = .
 *(.ram2)
 *(.ram2.*)
                0x00000000                        . = ALIGN (0x4)
                0x00000000                        __ram2_free__ = .

.ram3_init      0x00000000        0x0 load address 0x0800bd7c
                0x0800bd7c                        __ram3_init_text__ = LOADADDR (.ram3_init)
                0x00000000                        __ram3_init__ = .
 *(.ram3_init)
 *(.ram3_init.*)
                0x00000000                        . = ALIGN (0x4)

.ram3           0x00000000        0x0 load address 0x0800bd7c
                0x00000000                        __ram3_clear__ = .
 *(.ram3_clear)
 *(.ram3_clear.*)
                0x00000000                        . = ALIGN (0x4)
                0x00000000                        __ram3_noinit__ = .
 *(.ram3)
 *(.ram3.*)
                0x00000000                        . = ALIGN (0x4)
                0x00000000                        __ram3_free__ = .

.ram4_init      0x00000000        0x0 load address 0x0800bd7c
                0x0800bd7c                        __ram4_init_text__ = LOADADDR (.ram4_init)
                0x00000000                        __ram4_init__ = .
 *(.ram4_init)
 *(.ram4_init.*)
                0x00000000                        . = ALIGN (0x4)

.ram4           0x00000000        0x0 load address 0x0800bd7c
                0x00000000                        __ram4_clear__ = .
 *(.ram4_clear)
 *(.ram4_clear.*)
                0x00000000                        . = ALIGN (0x4)
                0x00000000                        __ram4_noinit__ = .
 *(.ram4)
 *(.ram4.*)
                0x00000000                        . = ALIGN (0x4)
                0x00000000                        __ram4_free__ = .

.ram5_init      0x00000000        0x0 load address 0x0800bd7c
                0x0800bd7c                        __ram5_init_text__ = LOADADDR (.ram5_init)
                0x00000000                        __ram5_init__ = .
 *(.ram5_init)
 *(.ram5_init.*)
                0x00000000                        . = ALIGN (0x4)

.ram5           0x00000000        0x0 load address 0x0800bd7c
                0x00000000                        __ram5_clear__ = .
 *(.ram5_clear)
 *(.ram5_clear.*)
                0x00000000                        . = ALIGN (0x4)
                0x00000000                        __ram5_noinit__ = .
 *(.ram5)
 *(.ram5.*)
                0x00000000                        . = ALIGN (0x4)
                0x00000000                        __ram5_free__ = .

.ram6_init      0x00000000        0x0 load address 0x0800bd7c
                0x0800bd7c                        __ram6_init_text__ = LOADADDR (.ram6_init)
                0x00000000                        __ram6_init__ = .
 *(.ram6_init)
 *(.ram6_init.*)
                0x00000000                        . = ALIGN (0x4)

.ram6           0x00000000        0x0 load address 0x0800bd7c
                0x00000000                        __ram6_clear__ = .
 *(.ram6_clear)
 *(.ram6_clear.*)
                0x00000000                        . = ALIGN (0x4)
                0x00000000                        __ram6_noinit__ = .
 *(.ram6)
 *(.ram6.*)
                0x00000000                        . = ALIGN (0x4)
                0x00000000                        __ram6_free__ = .

.ram7_init      0x00000000        0x0 load address 0x0800bd7c
                0x0800bd7c                        __ram7_init_text__ = LOADADDR (.ram7_init)
                0x00000000                        __ram7_init__ = .
 *(.ram7_init)
 *(.ram7_init.*)
                0x00000000                        . = ALIGN (0x4)

.ram7           0x00000000        0x0 load address 0x0800bd7c
                0x00000000                        __ram7_clear__ = .
 *(.ram7_clear)
 *(.ram7_clear.*)
                0x00000000                        . = ALIGN (0x4)
                0x00000000                        __ram7_noinit__ = .
 *(.ram7)
 *(.ram7.*)
                0x00000000                        . = ALIGN (0x4)
                0x00000000                        __ram7_free__ = .

.flash0         0x0800bd7c        0x0
                0x0800bd7c                        __flash0_init__ = .
 *(.flash0_init)
 *(.flash0_init.*)
                0x0800bd7c                        __flash0_free__ = .

.flash1         0x00000000        0x0
                0x00000000                        __flash1_init__ = .
 *(.flash1_init)
 *(.flash1_init.*)
                0x00000000                        __flash1_free__ = .

.flash2         0x00000000        0x0
                0x00000000                        __flash2_init__ = .
 *(.flash2_init)
 *(.flash2_init.*)
                0x00000000                        __flash2_free__ = .

.flash3         0x00000000        0x0
                0x00000000                        __flash3_init__ = .
 *(.flash3_init)
 *(.flash3_init.*)
                0x00000000                        __flash3_free__ = .

.flash4         0x00000000        0x0
                0x00000000                        __flash4_init__ = .
 *(.flash4_init)
 *(.flash4_init.*)
                0x00000000                        __flash4_free__ = .

.flash5         0x00000000        0x0
                0x00000000                        __flash5_init__ = .
 *(.flash5_init)
 *(.flash5_init.*)
                0x00000000                        __flash5_free__ = .

.flash6         0x00000000        0x0
                0x00000000                        __flash6_init__ = .
 *(.flash6_init)
 *(.flash6_init.*)
                0x00000000                        __flash6_free__ = .

.flash7         0x00000000        0x0
                0x00000000                        __flash7_init__ = .
 *(.flash7_init)
 *(.flash7_init.*)
                0x00000000                        __flash7_free__ = .

.heap           0x20001a00     0x3600
                0x20001a00                        . = ALIGN (0x8)
                0x20001a00                        __heap_base__ = .
                0x20005000                        . = (ORIGIN (HEAP_RAM) + LENGTH (HEAP_RAM))
 *fill*         0x20001a00     0x3600 
                0x20005000                        __heap_end__ = .
OUTPUT(.build/0mao_08gamerst_via.elf elf32-littlearm)
LOAD linker stubs

.debug_info     0x00000000    0x5bd79
 .debug_info    0x00000000    0x131b9 C:\QMK_MSYS\tmp\cc0QsM0r.ltrans0.ltrans.o
 .debug_info    0x000131b9      0x19a C:\QMK_MSYS\tmp\cc0QsM0r.ltrans1.ltrans.o
 .debug_info    0x00013353     0x239b C:\QMK_MSYS\tmp\ccUfH2NH.debug.temp.o
                0x00013353                encoder.c.0013403e
 .debug_info    0x000156ee      0x138 C:\QMK_MSYS\tmp\ccgHdQaF.debug.temp.o
                0x000156ee                default_keyboard.c.6b7b2aed
 .debug_info    0x00015826     0x257c C:\QMK_MSYS\tmp\ccU5Z4BC.debug.temp.o
                0x00015826                keymap_introspection.c.7942d341
 .debug_info    0x00017da2     0x2c5e C:\QMK_MSYS\tmp\ccCupIPz.debug.temp.o
                0x00017da2                quantum.c.af11b5a8
 .debug_info    0x0001aa00      0x1e2 C:\QMK_MSYS\tmp\ccGWCN7w.debug.temp.o
                0x0001aa00                bitwise.c.e9144fbf
 .debug_info    0x0001abe2      0x2d8 C:\QMK_MSYS\tmp\ccSm9xNu.debug.temp.o
                0x0001abe2                led.c.08c93fc3
 .debug_info    0x0001aeba     0x30e9 C:\QMK_MSYS\tmp\ccimcwzs.debug.temp.o
                0x0001aeba                action.c.9d35a342
 .debug_info    0x0001dfa3      0x764 C:\QMK_MSYS\tmp\ccukM96p.debug.temp.o
                0x0001dfa3                action_layer.c.e32a17e2
 .debug_info    0x0001e707     0x27ce C:\QMK_MSYS\tmp\ccewCaIn.debug.temp.o
                0x0001e707                action_tapping.c.bb3c8866
 .debug_info    0x00020ed5      0x79e C:\QMK_MSYS\tmp\ccCkAmvk.debug.temp.o
                0x00020ed5                action_util.c.639b8c26
 .debug_info    0x00021673      0x378 C:\QMK_MSYS\tmp\ccSYK4mh.debug.temp.o
                0x00021673                eeconfig.c.5de865a0
 .debug_info    0x000219eb      0x6e3 C:\QMK_MSYS\tmp\ccIRnQ0d.debug.temp.o
                0x000219eb                keyboard.c.b54afabb
 .debug_info    0x000220ce     0x2982 C:\QMK_MSYS\tmp\cc88J5Ia.debug.temp.o
                0x000220ce                keymap_common.c.ccccb65c
 .debug_info    0x00024a50     0x2363 C:\QMK_MSYS\tmp\ccInAsO7.debug.temp.o
                0x00024a50                keycode_config.c.6d7ae371
 .debug_info    0x00026db3      0x113 C:\QMK_MSYS\tmp\ccOa6uY1.debug.temp.o
                0x00026db3                debug.c.88fcb73a
 .debug_info    0x00026ec6      0x11a C:\QMK_MSYS\tmp\ccAljvK3.debug.temp.o
                0x00026ec6                print.c.ff0f132e
 .debug_info    0x00026fe0      0x158 C:\QMK_MSYS\tmp\ccmOpiK4.debug.temp.o
                0x00026fe0                bootmagic_lite.c.2129be8b
 .debug_info    0x00027138      0x2b9 C:\QMK_MSYS\tmp\ccELHTu5.debug.temp.o
                0x00027138                magic.c.bbdd59dd
 .debug_info    0x000273f1      0x2d7 C:\QMK_MSYS\tmp\ccW2tfi6.debug.temp.o
                0x000273f1                matrix_common.c.079d269c
 .debug_info    0x000276c8      0x4c0 C:\QMK_MSYS\tmp\ccuEUEu7.debug.temp.o
                0x000276c8                matrix.c.07b17ecd
 .debug_info    0x00027b88      0x1f6 C:\QMK_MSYS\tmp\ccsD0ow8.debug.temp.o
                0x00027b88                sym_defer_g.c.06af6875
 .debug_info    0x00027d7e       0xd8 C:\QMK_MSYS\tmp\ccGkNVA9.debug.temp.o
                0x00027d7e                main.c.f2e62c19
 .debug_info    0x00027e56      0x7f4 C:\QMK_MSYS\tmp\ccK0rdS9.debug.temp.o
                0x00027e56                printf.c.d645bccc
 .debug_info    0x0002864a      0x2fa C:\QMK_MSYS\tmp\ccG2P9da.debug.temp.o
                0x0002864a                eeprom_driver.c.0ac4c7ac
 .debug_info    0x00028944      0x18c C:\QMK_MSYS\tmp\ccQjewma.debug.temp.o
                0x00028944                eeprom_wear_leveling.c.d8fa4a23
 .debug_info    0x00028ad0      0x70c C:\QMK_MSYS\tmp\ccEp8Qxa.debug.temp.o
                0x00028ad0                wear_leveling.c.21cf240d
 .debug_info    0x000291dc      0xd70 C:\QMK_MSYS\tmp\ccaEr6Na.debug.temp.o
                0x000291dc                wear_leveling_efl.c.7d8e94cd
 .debug_info    0x00029f4c      0x1ec C:\QMK_MSYS\tmp\ccm0Xzqb.debug.temp.o
                0x00029f4c                color.c.70632bc3